Component: ARM Compiler 5.06 update 7 (build 960) Tool: armlink [4d3601]

==============================================================================

Section Cross References

    startup_stm32f103xb.o(RESET) refers to startup_stm32f103xb.o(STACK) for __initial_sp
    startup_stm32f103xb.o(RESET) refers to startup_stm32f103xb.o(.text) for Reset_Handler
    startup_stm32f103xb.o(RESET) refers to stm32f1xx_it.o(i.NMI_Handler) for NMI_Handler
    startup_stm32f103xb.o(RESET) refers to stm32f1xx_it.o(i.HardFault_Handler) for HardFault_Handler
    startup_stm32f103xb.o(RESET) refers to stm32f1xx_it.o(i.MemManage_Handler) for MemManage_Handler
    startup_stm32f103xb.o(RESET) refers to stm32f1xx_it.o(i.BusFault_Handler) for BusFault_Handler
    startup_stm32f103xb.o(RESET) refers to stm32f1xx_it.o(i.UsageFault_Handler) for UsageFault_Handler
    startup_stm32f103xb.o(RESET) refers to stm32f1xx_it.o(i.SVC_Handler) for SVC_Handler
    startup_stm32f103xb.o(RESET) refers to stm32f1xx_it.o(i.DebugMon_Handler) for DebugMon_Handler
    startup_stm32f103xb.o(RESET) refers to stm32f1xx_it.o(i.PendSV_Handler) for PendSV_Handler
    startup_stm32f103xb.o(RESET) refers to stm32f1xx_it.o(i.SysTick_Handler) for SysTick_Handler
    startup_stm32f103xb.o(RESET) refers to stm32f1xx_it.o(i.DMA1_Channel1_IRQHandler) for DMA1_Channel1_IRQHandler
    startup_stm32f103xb.o(RESET) refers to stm32f1xx_it.o(i.TIM2_IRQHandler) for TIM2_IRQHandler
    startup_stm32f103xb.o(.text) refers to system_stm32f1xx.o(i.SystemInit) for SystemInit
    startup_stm32f103xb.o(.text) refers to entry.o(.ARM.Collect$$$$00000000) for __main
    system_stm32f1xx.o(i.SystemCoreClockUpdate) refers to system_stm32f1xx.o(.data) for SystemCoreClock
    system_stm32f1xx.o(i.SystemCoreClockUpdate) refers to system_stm32f1xx.o(.constdata) for AHBPrescTable
    stm32f1xx_hal.o(i.HAL_DeInit) refers to stm32f1xx_hal.o(i.HAL_MspDeInit) for HAL_MspDeInit
    stm32f1xx_hal.o(i.HAL_Delay) refers to stm32f1xx_hal.o(i.HAL_GetTick) for HAL_GetTick
    stm32f1xx_hal.o(i.HAL_Delay) refers to stm32f1xx_hal.o(.data) for uwTickFreq
    stm32f1xx_hal.o(i.HAL_GetTick) refers to stm32f1xx_hal.o(.data) for uwTick
    stm32f1xx_hal.o(i.HAL_GetTickFreq) refers to stm32f1xx_hal.o(.data) for uwTickFreq
    stm32f1xx_hal.o(i.HAL_GetTickPrio) refers to stm32f1xx_hal.o(.data) for uwTickPrio
    stm32f1xx_hal.o(i.HAL_IncTick) refers to stm32f1xx_hal.o(.data) for uwTick
    stm32f1xx_hal.o(i.HAL_Init) refers to stm32f1xx_hal_cortex.o(i.HAL_NVIC_SetPriorityGrouping) for HAL_NVIC_SetPriorityGrouping
    stm32f1xx_hal.o(i.HAL_Init) refers to stm32f1xx_hal.o(i.HAL_InitTick) for HAL_InitTick
    stm32f1xx_hal.o(i.HAL_Init) refers to stm32f1xx_hal_msp.o(i.HAL_MspInit) for HAL_MspInit
    stm32f1xx_hal.o(i.HAL_InitTick) refers to stm32f1xx_hal_cortex.o(i.HAL_SYSTICK_Config) for HAL_SYSTICK_Config
    stm32f1xx_hal.o(i.HAL_InitTick) refers to stm32f1xx_hal_cortex.o(i.HAL_NVIC_SetPriority) for HAL_NVIC_SetPriority
    stm32f1xx_hal.o(i.HAL_InitTick) refers to stm32f1xx_hal.o(.data) for uwTickFreq
    stm32f1xx_hal.o(i.HAL_InitTick) refers to system_stm32f1xx.o(.data) for SystemCoreClock
    stm32f1xx_hal.o(i.HAL_SetTickFreq) refers to stm32f1xx_hal.o(i.HAL_InitTick) for HAL_InitTick
    stm32f1xx_hal.o(i.HAL_SetTickFreq) refers to stm32f1xx_hal.o(.data) for uwTickFreq
    stm32f1xx_hal_cortex.o(i.HAL_NVIC_GetPriorityGrouping) refers to stm32f1xx_hal_cortex.o(i.__NVIC_GetPriorityGrouping) for __NVIC_GetPriorityGrouping
    stm32f1xx_hal_cortex.o(i.HAL_NVIC_SetPriority) refers to stm32f1xx_hal_cortex.o(i.__NVIC_GetPriorityGrouping) for __NVIC_GetPriorityGrouping
    stm32f1xx_hal_cortex.o(i.HAL_NVIC_SetPriority) refers to stm32f1xx_hal_cortex.o(i.__NVIC_SetPriority) for __NVIC_SetPriority
    stm32f1xx_hal_cortex.o(i.HAL_SYSTICK_Config) refers to stm32f1xx_hal_cortex.o(i.__NVIC_SetPriority) for __NVIC_SetPriority
    stm32f1xx_hal_cortex.o(i.HAL_SYSTICK_IRQHandler) refers to stm32f1xx_hal_cortex.o(i.HAL_SYSTICK_Callback) for HAL_SYSTICK_Callback
    stm32f1xx_hal_gpio.o(i.HAL_GPIO_EXTI_IRQHandler) refers to stm32f1xx_hal_gpio.o(i.HAL_GPIO_EXTI_Callback) for HAL_GPIO_EXTI_Callback
    stm32f1xx_hal_rcc.o(i.HAL_RCC_ClockConfig) refers to stm32f1xx_hal.o(i.HAL_GetTick) for HAL_GetTick
    stm32f1xx_hal_rcc.o(i.HAL_RCC_ClockConfig) refers to stm32f1xx_hal_rcc.o(i.HAL_RCC_GetSysClockFreq) for HAL_RCC_GetSysClockFreq
    stm32f1xx_hal_rcc.o(i.HAL_RCC_ClockConfig) refers to stm32f1xx_hal.o(i.HAL_InitTick) for HAL_InitTick
    stm32f1xx_hal_rcc.o(i.HAL_RCC_ClockConfig) refers to system_stm32f1xx.o(.constdata) for AHBPrescTable
    stm32f1xx_hal_rcc.o(i.HAL_RCC_ClockConfig) refers to system_stm32f1xx.o(.data) for SystemCoreClock
    stm32f1xx_hal_rcc.o(i.HAL_RCC_ClockConfig) refers to stm32f1xx_hal.o(.data) for uwTickPrio
    stm32f1xx_hal_rcc.o(i.HAL_RCC_DeInit) refers to stm32f1xx_hal.o(i.HAL_GetTick) for HAL_GetTick
[...]
    i.HAL_I2C_Master_Transmit                0x0800234c   Section        0  stm32f1xx_hal_i2c.o(i.HAL_I2C_Master_Transmit)
    i.HAL_I2C_MspInit                        0x080024bc   Section        0  i2c.o(i.HAL_I2C_MspInit)
    i.HAL_IncTick                            0x08002530   Section        0  stm32f1xx_hal.o(i.HAL_IncTick)
    i.HAL_Init                               0x08002548   Section        0  stm32f1xx_hal.o(i.HAL_Init)
    i.HAL_InitTick                           0x08002570   Section        0  stm32f1xx_hal.o(i.HAL_InitTick)
    i.HAL_MspInit                            0x080025bc   Section        0  stm32f1xx_hal_msp.o(i.HAL_MspInit)
    i.HAL_NVIC_EnableIRQ                     0x08002610   Section        0  stm32f1xx_hal_cortex.o(i.HAL_NVIC_EnableIRQ)
    i.HAL_NVIC_SetPriority                   0x08002630   Section        0  stm32f1xx_hal_cortex.o(i.HAL_NVIC_SetPriority)
    i.HAL_NVIC_SetPriorityGrouping           0x080026ac   Section        0  stm32f1xx_hal_cortex.o(i.HAL_NVIC_SetPriorityGrouping)
    i.HAL_RCCEx_GetPeriphCLKFreq             0x080026d4   Section        0  stm32f1xx_hal_rcc_ex.o(i.HAL_RCCEx_GetPeriphCLKFreq)
    i.HAL_RCCEx_PeriphCLKConfig              0x080027d0   Section        0  stm32f1xx_hal_rcc_ex.o(i.HAL_RCCEx_PeriphCLKConfig)
    i.HAL_RCC_ClockConfig                    0x08002900   Section        0  stm32f1xx_hal_rcc.o(i.HAL_RCC_ClockConfig)
    i.HAL_RCC_GetHCLKFreq                    0x08002a8c   Section        0  stm32f1xx_hal_rcc.o(i.HAL_RCC_GetHCLKFreq)
    i.HAL_RCC_GetPCLK1Freq                   0x08002a98   Section        0  stm32f1xx_hal_rcc.o(i.HAL_RCC_GetPCLK1Freq)
    i.HAL_RCC_GetPCLK2Freq                   0x08002ab8   Section        0  stm32f1xx_hal_rcc.o(i.HAL_RCC_GetPCLK2Freq)
    i.HAL_RCC_GetSysClockFreq                0x08002ad8   Section        0  stm32f1xx_hal_rcc.o(i.HAL_RCC_GetSysClockFreq)
    i.HAL_RCC_OscConfig                      0x08002b48   Section        0  stm32f1xx_hal_rcc.o(i.HAL_RCC_OscConfig)
    i.HAL_SPI_Init                           0x08002fac   Section        0  stm32f1xx_hal_spi.o(i.HAL_SPI_Init)
    i.HAL_SPI_MspInit                        0x0800306c   Section        0  spi.o(i.HAL_SPI_MspInit)
    i.HAL_SPI_TransmitReceive                0x080030f4   Section        0  stm32f1xx_hal_spi.o(i.HAL_SPI_TransmitReceive)
    i.HAL_SYSTICK_Config                     0x0800333c   Section        0  stm32f1xx_hal_cortex.o(i.HAL_SYSTICK_Config)
    i.HAL_TIMEx_BreakCallback                0x08003370   Section        0  stm32f1xx_hal_tim_ex.o(i.HAL_TIMEx_BreakCallback)
    i.HAL_TIMEx_CommutCallback               0x08003372   Section        0  stm32f1xx_hal_tim_ex.o(i.HAL_TIMEx_CommutCallback)
    i.HAL_TIMEx_MasterConfigSynchronization  0x08003374   Section        0  stm32f1xx_hal_tim_ex.o(i.HAL_TIMEx_MasterConfigSynchronization)
    i.HAL_TIM_IC_CaptureCallback             0x080033f8   Section        0  stm32f1xx_hal_tim.o(i.HAL_TIM_IC_CaptureCallback)
    i.HAL_TIM_IRQHandler                     0x080033fa   Section        0  stm32f1xx_hal_tim.o(i.HAL_TIM_IRQHandler)
    i.HAL_TIM_MspPostInit                    0x08003568   Section        0  tim.o(i.HAL_TIM_MspPostInit)
    i.HAL_TIM_OC_DelayElapsedCallback        0x080035f8   Section        0  stm32f1xx_hal_tim.o(i.HAL_TIM_OC_DelayElapsedCallback)
    i.HAL_TIM_PWM_ConfigChannel              0x080035fa   Section        0  stm32f1xx_hal_tim.o(i.HAL_TIM_PWM_ConfigChannel)
    i.HAL_TIM_PWM_Init                       0x080036fe   Section        0  stm32f1xx_hal_tim.o(i.HAL_TIM_PWM_Init)
    i.HAL_TIM_PWM_MspInit                    0x08003764   Section        0  tim.o(i.HAL_TIM_PWM_MspInit)
    i.HAL_TIM_PWM_PulseFinishedCallback      0x080037cc   Section        0  stm32f1xx_hal_tim.o(i.HAL_TIM_PWM_PulseFinishedCallback)
    i.HAL_TIM_PWM_Start                      0x080037d0   Section        0  stm32f1xx_hal_tim.o(i.HAL_TIM_PWM_Start)
    i.HAL_TIM_PeriodElapsedCallback          0x080038a4   Section        0  stm32f1xx_hal_tim.o(i.HAL_TIM_PeriodElapsedCallback)
    i.HAL_TIM_TriggerCallback                0x080038a6   Section        0  stm32f1xx_hal_tim.o(i.HAL_TIM_TriggerCallback)
    i.HAL_UART_Init                          0x080038a8   Section        0  stm32f1xx_hal_uart.o(i.HAL_UART_Init)
    i.HAL_UART_MspInit                       0x08003920   Section        0  usart.o(i.HAL_UART_MspInit)
    i.HAL_UART_Transmit                      0x080039a8   Section        0  stm32f1xx_hal_uart.o(i.HAL_UART_Transmit)
    i.HardFault_Handler                      0x08003a66   Section        0  stm32f1xx_it.o(i.HardFault_Handler)
    i.I2C_IsAcknowledgeFailed                0x08003a6a   Section        0  stm32f1xx_hal_i2c.o(i.I2C_IsAcknowledgeFailed)
    I2C_IsAcknowledgeFailed                  0x08003a6b   Thumb Code    62  stm32f1xx_hal_i2c.o(i.I2C_IsAcknowledgeFailed)
    i.I2C_MasterRequestRead                  0x08003aa8   Section        0  stm32f1xx_hal_i2c.o(i.I2C_MasterRequestRead)
    I2C_MasterRequestRead                    0x08003aa9   Thumb Code   308  stm32f1xx_hal_i2c.o(i.I2C_MasterRequestRead)
    i.I2C_MasterRequestWrite                 0x08003be0   Section        0  stm32f1xx_hal_i2c.o(i.I2C_MasterRequestWrite)
    I2C_MasterRequestWrite                   0x08003be1   Thumb Code   186  stm32f1xx_hal_i2c.o(i.I2C_MasterRequestWrite)
    i.I2C_Scan                               0x08003ca0   Section        0  i2c_scan.o(i.I2C_Scan)
    i.I2C_WaitOnBTFFlagUntilTimeout          0x08003ce8   Section        0  stm32f1xx_hal_i2c.o(i.I2C_WaitOnBTFFlagUntilTimeout)
    I2C_WaitOnBTFFlagUntilTimeout            0x08003ce9   Thumb Code   102  stm32f1xx_hal_i2c.o(i.I2C_WaitOnBTFFlagUntilTimeout)
    i.I2C_WaitOnFlagUntilTimeout             0x08003d4e   Section        0  stm32f1xx_hal_i2c.o(i.I2C_WaitOnFlagUntilTimeout)
    I2C_WaitOnFlagUntilTimeout               0x08003d4f   Thumb Code   190  stm32f1xx_hal_i2c.o(i.I2C_WaitOnFlagUntilTimeout)
    i.I2C_WaitOnMasterAddressFlagUntilTimeout 0x08003e0c   Section        0  stm32f1xx_hal_i2c.o(i.I2C_WaitOnMasterAddressFlagUntilTimeout)
    I2C_WaitOnMasterAddressFlagUntilTimeout  0x08003e0d   Thumb Code   250  stm32f1xx_hal_i2c.o(i.I2C_WaitOnMasterAddressFlagUntilTimeout)
    i.I2C_WaitOnRXNEFlagUntilTimeout         0x08003f06   Section        0  stm32f1xx_hal_i2c.o(i.I2C_WaitOnRXNEFlagUntilTimeout)
    I2C_WaitOnRXNEFlagUntilTimeout           0x08003f07   Thumb Code   138  stm32f1xx_hal_i2c.o(i.I2C_WaitOnRXNEFlagUntilTimeout)
    i.I2C_WaitOnTXEFlagUntilTimeout          0x08003f90   Section        0  stm32f1xx_hal_i2c.o(i.I2C_WaitOnTXEFlagUntilTimeout)
    I2C_WaitOnTXEFlagUntilTimeout            0x08003f91   Thumb Code   102  stm32f1xx_hal_i2c.o(i.I2C_WaitOnTXEFlagUntilTimeout)
    i.MQ_Init                                0x08003ff6   Section        0  mq.o(i.MQ_Init)
    i.MQ_Update                              0x08004010   Section        0  mq.o(i.MQ_Update)
    i.MX_ADC1_Init                           0x0800407c   Section        0  adc.o(i.MX_ADC1_Init)
    i.MX_DMA_Init                            0x08004108   Section        0  dma.o(i.MX_DMA_Init)
    i.MX_GPIO_Init                           0x0800413c   Section        0  gpio.o(i.MX_GPIO_Init)
    i.MX_I2C1_Init                           0x0800420c   Section        0  i2c.o(i.MX_I2C1_Init)
    i.MX_SPI2_Init                           0x08004248   Section        0  spi.o(i.MX_SPI2_Init)
    i.MX_TIM2_Init                           0x0800428c   Section        0  tim.o(i.MX_TIM2_Init)
    i.MX_TIM3_Init                           0x08004304   Section        0  tim.o(i.MX_TIM3_Init)
    i.MX_USART1_UART_Init                    0x08004380   Section        0  usart.o(i.MX_USART1_UART_Init)
    i.MemManage_Handler                      0x080043b8   Section        0  stm32f1xx_it.o(i.MemManage_Handler)
    i.NMI_Handler                            0x080043bc   Section        0  stm32f1xx_it.o(i.NMI_Handler)
    i.OLED_Clear                             0x080043c0   Section        0  i2c_led.o(i.OLED_Clear)
    i.OLED_Init                              0x080043f8   Section        0  i2c_led.o(i.OLED_Init)
    i.OLED_SetCursor                         0x080044a4   Section        0  i2c_led.o(i.OLED_SetCursor)
    i.OLED_ShowChar                          0x080044c8   Section        0  i2c_led.o(i.OLED_ShowChar)
    i.OLED_ShowString                        0x0800450c   Section        0  i2c_led.o(i.OLED_ShowString)
    i.OLED_WriteCmd                          0x08004540   Section        0  i2c_led.o(i.OLED_WriteCmd)
    i.OLED_WriteData                         0x08004564   Section        0  i2c_led.o(i.OLED_WriteData)
    i.PendSV_Handler                         0x0800458c   Section        0  stm32f1xx_it.o(i.PendSV_Handler)
    i.RCC_Delay                              0x08004594   Section        0  stm32f1xx_hal_rcc.o(i.RCC_Delay)
    RCC_Delay                                0x08004595   Thumb Code    36  stm32f1xx_hal_rcc.o(i.RCC_Delay)
    i.SPI_EndRxTxTransaction                 0x080045bc   Section        0  stm32f1xx_hal_spi.o(i.SPI_EndRxTxTransaction)
    SPI_EndRxTxTransaction                   0x080045bd   Thumb Code    68  stm32f1xx_hal_spi.o(i.SPI_EndRxTxTransaction)
    i.SPI_WaitFlagStateUntilTimeout          0x08004600   Section        0  stm32f1xx_hal_spi.o(i.SPI_WaitFlagStateUntilTimeout)
    SPI_WaitFlagStateUntilTimeout            0x08004601   Thumb Code   210  stm32f1xx_hal_spi.o(i.SPI_WaitFlagStateUntilTimeout)
    i.SVC_Handler                            0x080046d8   Section        0  stm32f1xx_it.o(i.SVC_Handler)
    i.Sensor_Init                            0x080046e0   Section        0  sensor.o(i.Sensor_Init)
    i.Sensor_Read                            0x080046e8   Section        0  sensor.o(i.Sensor_Read)
    i.Sensor_Start                           0x080047a4   Section        0  sensor.o(i.Sensor_Start)
    i.SysTick_Handler                        0x080047c0   Section        0  stm32f1xx_it.o(i.SysTick_Handler)
    i.SystemClock_Config                     0x080047cc   Section        0  main.o(i.SystemClock_Config)
    i.SystemInit                             0x08004850   Section        0  system_stm32f1xx.o(i.SystemInit)
    i.TIM2_IRQHandler                        0x08004854   Section        0  stm32f1xx_it.o(i.TIM2_IRQHandler)
    i.TIM_Base_SetConfig                     0x08004864   Section        0  stm32f1xx_hal_tim.o(i.TIM_Base_SetConfig)
    i.TIM_CCxChannelCmd                      0x080048e8   Section        0  stm32f1xx_hal_tim.o(i.TIM_CCxChannelCmd)
    i.TIM_OC1_SetConfig                      0x0800490c   Section        0  stm32f1xx_hal_tim.o(i.TIM_OC1_SetConfig)
    TIM_OC1_SetConfig                        0x0800490d   Thumb Code    90  stm32f1xx_hal_tim.o(i.TIM_OC1_SetConfig)
    i.TIM_OC2_SetConfig                      0x0800496c   Section        0  stm32f1xx_hal_tim.o(i.TIM_OC2_SetConfig)
    i.TIM_OC3_SetConfig                      0x080049d4   Section        0  stm32f1xx_hal_tim.o(i.TIM_OC3_SetConfig)
    TIM_OC3_SetConfig                        0x080049d5   Thumb Code    98  stm32f1xx_hal_tim.o(i.TIM_OC3_SetConfig)
    i.TIM_OC4_SetConfig                      0x08004a3c   Section        0  stm32f1xx_hal_tim.o(i.TIM_OC4_SetConfig)
    TIM_OC4_SetConfig                        0x08004a3d   Thumb Code    68  stm32f1xx_hal_tim.o(i.TIM_OC4_SetConfig)
    i.UART_EndRxTransfer                     0x08004a84   Section        0  stm32f1xx_hal_uart.o(i.UART_EndRxTransfer)
    UART_EndRxTransfer                       0x08004a85   Thumb Code   108  stm32f1xx_hal_uart.o(i.UART_EndRxTransfer)
    i.UART_SetConfig                         0x08004af0   Section        0  stm32f1xx_hal_uart.o(i.UART_SetConfig)
    UART_SetConfig                           0x08004af1   Thumb Code   248  stm32f1xx_hal_uart.o(i.UART_SetConfig)
    i.UART_WaitOnFlagUntilTimeout            0x08004bec   Section        0  stm32f1xx_hal_uart.o(i.UART_WaitOnFlagUntilTimeout)
    UART_WaitOnFlagUntilTimeout              0x08004bed   Thumb Code   140  stm32f1xx_hal_uart.o(i.UART_WaitOnFlagUntilTimeout)
    i.UsageFault_Handler                     0x08004c78   Section        0  stm32f1xx_it.o(i.UsageFault_Handler)
    i.W25Q64_Init                            0x08004c7c   Section        0  spi_w25q64.o(i.W25Q64_Init)
    i.W25Q64_Read                            0x08004c90   Section        0  spi_w25q64.o(i.W25Q64_Read)
    i.W25Q64_ReadID                          0x08004ce8   Section        0  spi_w25q64.o(i.W25Q64_ReadID)
    i.W25Q64_ReadStatus1                     0x08004d2c   Section        0  spi_w25q64.o(i.W25Q64_ReadStatus1)
    i.W25Q64_SPI_TransmitReceive             0x08004d5c   Section        0  spi_w25q64.o(i.W25Q64_SPI_TransmitReceive)
    W25Q64_SPI_TransmitReceive               0x08004d5d   Thumb Code    28  spi_w25q64.o(i.W25Q64_SPI_TransmitReceive)
    i.W25Q64_SectorErase                     0x08004d7c   Section        0  spi_w25q64.o(i.W25Q64_SectorErase)
    i.W25Q64_WaitBusy                        0x08004dc0   Section        0  spi_w25q64.o(i.W25Q64_WaitBusy)
    i.W25Q64_WriteEnable                     0x08004dd4   Section        0  spi_w25q64.o(i.W25Q64_WriteEnable)
    i.__0printf                              0x08004df8   Section        0  printfa.o(i.__0printf)
    i.__0sprintf                             0x08004e18   Section        0  printfa.o(i.__0sprintf)
    i.__NVIC_GetPriorityGrouping             0x08004e40   Section        0  stm32f1xx_hal_cortex.o(i.__NVIC_GetPriorityGrouping)
    __NVIC_GetPriorityGrouping               0x08004e41   Thumb Code    10  stm32f1xx_hal_cortex.o(i.__NVIC_GetPriorityGrouping)
    i.__NVIC_SetPriority                     0x08004e50   Section        0  stm32f1xx_hal_cortex.o(i.__NVIC_SetPriority)
    __NVIC_SetPriority                       0x08004e51   Thumb Code    32  stm32f1xx_hal_cortex.o(i.__NVIC_SetPriority)
    i.__scatterload_copy                     0x08004e78   Section       14  handlers.o(i.__scatterload_copy)
    i.__scatterload_null                     0x08004e86   Section        2  handlers.o(i.__scatterload_null)
    i.__scatterload_zeroinit                 0x08004e88   Section       14  handlers.o(i.__scatterload_zeroinit)
    i._fp_digits                             0x08004e98   Section        0  printfa.o(i._fp_digits)
    _fp_digits                               0x08004e99   Thumb Code   366  printfa.o(i._fp_digits)
    i._printf_core                           0x0800501c   Section        0  printfa.o(i._printf_core)
    _printf_core                             0x0800501d   Thumb Code  1704  printfa.o(i._printf_core)
    i._printf_post_padding                   0x080056d0   Section        0  printfa.o(i._printf_post_padding)
    _printf_post_padding                     0x080056d1   Thumb Code    36  printfa.o(i._printf_post_padding)
    i._printf_pre_padding                    0x080056f4   Section        0  printfa.o(i._printf_pre_padding)
    _printf_pre_padding                      0x080056f5   Thumb Code    46  printfa.o(i._printf_pre_padding)
    i._sputc                                 0x08005722   Section        0  printfa.o(i._sputc)
    _sputc                                   0x08005723   Thumb Code    10  printfa.o(i._sputc)
    i.fputc                                  0x0800572c   Section        0  main.o(i.fputc)
    i.main                                   0x08005748   Section        0  main.o(i.main)
    i.prvAddCurrentTaskToDelayedList         0x08005984   Section        0  tasks.o(i.prvAddCurrentTaskToDelayedList)
    prvAddCurrentTaskToDelayedList           0x08005985   Thumb Code   104  tasks.o(i.prvAddCurrentTaskToDelayedList)
    i.prvAddNewTaskToReadyList               0x08005a04   Section        0  tasks.o(i.prvAddNewTaskToReadyList)
    prvAddNewTaskToReadyList                 0x08005a05   Thumb Code   156  tasks.o(i.prvAddNewTaskToReadyList)
    i.prvCheckTasksWaitingTermination        0x08005abc   Section        0  tasks.o(i.prvCheckTasksWaitingTermination)
    prvCheckTasksWaitingTermination          0x08005abd   Thumb Code     2  tasks.o(i.prvCheckTasksWaitingTermination)
    i.prvHeapInit                            0x08005ac0   Section        0  heap_4.o(i.prvHeapInit)
    prvHeapInit                              0x08005ac1   Thumb Code    98  heap_4.o(i.prvHeapInit)
    i.prvIdleTask                            0x08005b3c   Section        0  tasks.o(i.prvIdleTask)
    prvIdleTask                              0x08005b3d   Thumb Code    32  tasks.o(i.prvIdleTask)
    i.prvInitialiseNewTask                   0x08005b64   Section        0  tasks.o(i.prvInitialiseNewTask)
    prvInitialiseNewTask                     0x08005b65   Thumb Code   190  tasks.o(i.prvInitialiseNewTask)
    i.prvInitialiseTaskLists                 0x08005c24   Section        0  tasks.o(i.prvInitialiseTaskLists)
    prvInitialiseTaskLists                   0x08005c25   Thumb Code    58  tasks.o(i.prvInitialiseTaskLists)
    i.prvInsertBlockIntoFreeList             0x08005c78   Section        0  heap_4.o(i.prvInsertBlockIntoFreeList)
    prvInsertBlockIntoFreeList               0x08005c79   Thumb Code    96  heap_4.o(i.prvInsertBlockIntoFreeList)
    i.prvResetNextTaskUnblockTime            0x08005ce0   Section        0  tasks.o(i.prvResetNextTaskUnblockTime)
    prvResetNextTaskUnblockTime              0x08005ce1   Thumb Code    42  tasks.o(i.prvResetNextTaskUnblockTime)
    i.prvTaskExitError                       0x08005d14   Section        0  port.o(i.prvTaskExitError)
    prvTaskExitError                         0x08005d15   Thumb Code    60  port.o(i.prvTaskExitError)
    i.pvPortMalloc                           0x08005d54   Section        0  heap_4.o(i.pvPortMalloc)
    i.pxPortInitialiseStack                  0x08005ea0   Section        0  port.o(i.pxPortInitialiseStack)
    i.uxListRemove                           0x08005ec4   Section        0  list.o(i.uxListRemove)
    i.vApplicationStackOverflowHook          0x08005eec   Section        0  main.o(i.vApplicationStackOverflowHook)
    i.vListInitialise                        0x08005ef2   Section        0  list.o(i.vListInitialise)
    i.vListInitialiseItem                    0x08005f0c   Section        0  list.o(i.vListInitialiseItem)
    i.vListInsert                            0x08005f12   Section        0  list.o(i.vListInsert)
    i.vListInsertEnd                         0x08005f46   Section        0  list.o(i.vListInsertEnd)
    i.vPortEnterCritical                     0x08005f60   Section        0  port.o(i.vPortEnterCritical)
    i.vPortExitCritical                      0x08005fb4   Section        0  port.o(i.vPortExitCritical)
    i.vPortFree                              0x08005ff0   Section        0  heap_4.o(i.vPortFree)
    i.vPortSetupTimerInterrupt               0x08006094   Section        0  port.o(i.vPortSetupTimerInterrupt)
    i.vTaskDelay                             0x080060bc   Section        0  tasks.o(i.vTaskDelay)
    i.vTaskStartScheduler                    0x08006118   Section        0  tasks.o(i.vTaskStartScheduler)
    i.vTaskSuspendAll                        0x080061a0   Section        0  tasks.o(i.vTaskSuspendAll)
    i.vTaskSwitchContext                     0x080061b0   Section        0  tasks.o(i.vTaskSwitchContext)
    i.xPortStartScheduler                    0x08006274   Section        0  port.o(i.xPortStartScheduler)
    i.xPortSysTickHandler                    0x08006398   Section        0  port.o(i.xPortSysTickHandler)
    i.xTaskCreate                            0x080063cc   Section        0  tasks.o(i.xTaskCreate)
    i.xTaskIncrementTick                     0x0800642c   Section        0  tasks.o(i.xTaskIncrementTick)
    i.xTaskResumeAll                         0x08006574   Section        0  tasks.o(i.xTaskResumeAll)
    .constdata                               0x08006678   Section       24  system_stm32f1xx.o(.constdata)
    .constdata                               0x08006690   Section       18  stm32f1xx_hal_rcc.o(.constdata)
    aPLLMULFactorTable                       0x08006690   Data          16  stm32f1xx_hal_rcc.o(.constdata)
    aPredivFactorTable                       0x080066a0   Data           2  stm32f1xx_hal_rcc.o(.constdata)
    .constdata                               0x080066a2   Section       18  stm32f1xx_hal_rcc_ex.o(.constdata)
    aPLLMULFactorTable                       0x080066a2   Data          16  stm32f1xx_hal_rcc_ex.o(.constdata)
    aPredivFactorTable                       0x080066b2   Data           2  stm32f1xx_hal_rcc_ex.o(.constdata)
    .constdata                               0x080066b4   Section      570  fonts.o(.constdata)
    .data                                    0x20000000   Section        4  system_stm32f1xx.o(.data)
    .data                                    0x20000004   Section        9  stm32f1xx_hal.o(.data)
    .data                                    0x20000010   Section        4  main.o(.data)
    .data                                    0x20000014   Section       12  adc_storage.o(.data)
    adc_write_addr                           0x20000014   Data           4  adc_storage.o(.data)
    current_sector                           0x20000018   Data           4  adc_storage.o(.data)
    adc_record_count                         0x2000001c   Data           4  adc_storage.o(.data)
    .data                                    0x20000020   Section        7  sensor.o(.data)
    adc_buf                                  0x20000020   Data           6  sensor.o(.data)
    adc_ready                                0x20000026   Data           1  sensor.o(.data)
    .data                                    0x20000028   Section        5  alarm.o(.data)
    last_tick                                0x20000028   Data           4  alarm.o(.data)
    blink_state                              0x2000002c   Data           1  alarm.o(.data)
    .data                                    0x20000030   Section       56  tasks.o(.data)
    pxDelayedTaskList                        0x20000034   Data           4  tasks.o(.data)
    pxOverflowDelayedTaskList                0x20000038   Data           4  tasks.o(.data)
    uxCurrentNumberOfTasks                   0x2000003c   Data           4  tasks.o(.data)
    xTickCount                               0x20000040   Data           4  tasks.o(.data)
    uxTopReadyPriority                       0x20000044   Data           4  tasks.o(.data)
    xSchedulerRunning                        0x20000048   Data           4  tasks.o(.data)
    xPendedTicks                             0x2000004c   Data           4  tasks.o(.data)
    xYieldPending                            0x20000050   Data           4  tasks.o(.data)
    xNumOfOverflows                          0x20000054   Data           4  tasks.o(.data)
    uxTaskNumber                             0x20000058   Data           4  tasks.o(.data)
    xNextTaskUnblockTime                     0x2000005c   Data           4  tasks.o(.data)
    xIdleTaskHandle                          0x20000060   Data           4  tasks.o(.data)
    uxSchedulerSuspended                     0x20000064   Data           4  tasks.o(.data)
    .data                                    0x20000068   Section       12  port.o(.data)
    uxCriticalNesting                        0x20000068   Data           4  port.o(.data)
    ucMaxSysCallPriority                     0x2000006c   Data           1  port.o(.data)
    ulMaxPRIGROUPValue                       0x20000070   Data           4  port.o(.data)
    .data                                    0x20000074   Section       32  heap_4.o(.data)
    xStart                                   0x20000074   Data           8  heap_4.o(.data)
    pxEnd                                    0x2000007c   Data           4  heap_4.o(.data)
    xFreeBytesRemaining                      0x20000080   Data           4  heap_4.o(.data)
    xMinimumEverFreeBytesRemaining           0x20000084   Data           4  heap_4.o(.data)
    xNumberOfSuccessfulAllocations           0x20000088   Data           4  heap_4.o(.data)
    xNumberOfSuccessfulFrees                 0x2000008c   Data           4  heap_4.o(.data)
    xBlockAllocatedBit                       0x20000090   Data           4  heap_4.o(.data)
    .data                                    0x20000094   Section        4  stdout.o(.data)
    .bss                                     0x20000098   Section       40  main.o(.bss)
    .bss                                     0x200000c0   Section      116  adc.o(.bss)
    .bss                                     0x20000134   Section       84  i2c.o(.bss)
    .bss                                     0x20000188   Section      144  tim.o(.bss)
    .bss                                     0x20000218   Section       72  usart.o(.bss)
    .bss                                     0x20000260   Section       88  spi.o(.bss)
    .bss                                     0x200002b8   Section       32  sensor.o(.bss)
    sensor_data                              0x200002b8   Data          32  sensor.o(.bss)
    .bss                                     0x200002d8   Section       10  alarm.o(.bss)
    alarm                                    0x200002d8   Data          10  alarm.o(.bss)
    .bss                                     0x200002e4   Section      160  tasks.o(.bss)
    pxReadyTasksLists                        0x200002e4   Data         100  tasks.o(.bss)
    xDelayedTaskList1                        0x20000348   Data          20  tasks.o(.bss)
    xDelayedTaskList2                        0x2000035c   Data          20  tasks.o(.bss)
    xPendingReadyList                        0x20000370   Data          20  tasks.o(.bss)
    .bss                                     0x20000384   Section     6144  heap_4.o(.bss)
    ucHeap                                   0x20000384   Data        6144  heap_4.o(.bss)
    STACK                                    0x20001b88   Section     1024  startup_stm32f103xb.o(STACK)

    Global Symbols

    Symbol Name                              Value     Ov Type        Size  Object(Section)

    BuildAttributes$$THM_ISAv4$P$D$K$B$S$PE$A:L22UL41UL21$X:L11$S22US41US21$IEEE1$IW$USESV6$~STKCKD$USESV7$~SHL$OTIME$ROPI$EBA8$MICROLIB$REQ8$PRES8$EABIv2 0x00000000   Number         0  anon$$obj.o ABSOLUTE
    __ARM_use_no_argv                        0x00000000   Number         0  main.o ABSOLUTE
    _printf_a                                0x00000000   Number         0  stubs.o ABSOLUTE
    _printf_c                                0x00000000   Number         0  stubs.o ABSOLUTE
    _printf_charcount                        0x00000000   Number         0  stubs.o ABSOLUTE
    _printf_d                                0x00000000   Number         0  stubs.o ABSOLUTE
    _printf_e                                0x00000000   Number         0  stubs.o ABSOLUTE
    _printf_f                                0x00000000   Number         0  stubs.o ABSOLUTE
    _printf_flags                            0x00000000   Number         0  stubs.o ABSOLUTE
    _printf_fp_dec                           0x00000000   Number         0  stubs.o ABSOLUTE
    _printf_fp_hex                           0x00000000   Number         0  stubs.o ABSOLUTE
    _printf_g                                0x00000000   Number         0  stubs.o ABSOLUTE
    _printf_i                                0x00000000   Number         0  stubs.o ABSOLUTE
    _printf_int_dec                          0x00000000   Number         0  stubs.o ABSOLUTE
    _printf_l                                0x00000000   Number         0  stubs.o ABSOLUTE
    _printf_lc                               0x00000000   Number         0  stubs.o ABSOLUTE
    _printf_ll                               0x00000000   Number         0  stubs.o ABSOLUTE
    _printf_lld                              0x00000000   Number         0  stubs.o ABSOLUTE
    _printf_lli                              0x00000000   Number         0  stubs.o ABSOLUTE
    _printf_llo                              0x00000000   Number         0  stubs.o ABSOLUTE
    _printf_llu                              0x00000000   Number         0  stubs.o ABSOLUTE
    _printf_llx                              0x00000000   Number         0  stubs.o ABSOLUTE
    _printf_longlong_dec                     0x00000000   Number         0  stubs.o ABSOLUTE
    _printf_longlong_hex                     0x00000000   Number         0  stubs.o ABSOLUTE
    _printf_longlong_oct                     0x00000000   Number         0  stubs.o ABSOLUTE
    _printf_ls                               0x00000000   Number         0  stubs.o ABSOLUTE
    _printf_mbtowc                           0x00000000   Number         0  stubs.o ABSOLUTE
    _printf_n                                0x00000000   Number         0  stubs.o ABSOLUTE
    _printf_o                                0x00000000   Number         0  stubs.o ABSOLUTE
    _printf_p                                0x00000000   Number         0  stubs.o ABSOLUTE
    _printf_percent                          0x00000000   Number         0  stubs.o ABSOLUTE
    _printf_pre_padding                      0x00000000   Number         0  stubs.o ABSOLUTE
    _printf_return_value                     0x00000000   Number         0  stubs.o ABSOLUTE
    _printf_s                                0x00000000   Number         0  stubs.o ABSOLUTE
    _printf_sizespec                         0x00000000   Number         0  stubs.o ABSOLUTE
    _printf_str                              0x00000000   Number         0  stubs.o ABSOLUTE
    _printf_truncate_signed                  0x00000000   Number         0  stubs.o ABSOLUTE
    _printf_truncate_unsigned                0x00000000   Number         0  stubs.o ABSOLUTE
    _printf_u                                0x00000000   Number         0  stubs.o ABSOLUTE
    _printf_wc                               0x00000000   Number         0  stubs.o ABSOLUTE
    _printf_wctomb                           0x00000000   Number         0  stubs.o ABSOLUTE
    _printf_widthprec                        0x00000000   Number         0  stubs.o ABSOLUTE
    _printf_x                                0x00000000   Number         0  stubs.o ABSOLUTE
    __arm_fini_                               - Undefined Weak Reference
    __cpp_initialize__aeabi_                  - Undefined Weak Reference
    __cxa_finalize                            - Undefined Weak Reference
    __decompress                              - Undefined Weak Reference
    _clock_init                               - Undefined Weak Reference
    _microlib_exit                            - Undefined Weak Reference
    __Vectors_Size                           0x000000ec   Number         0  startup_stm32f103xb.o ABSOLUTE
    __Vectors                                0x08000000   Data           4  startup_stm32f103xb.o(RESET)
    __Vectors_End                            0x080000ec   Data           0  startup_stm32f103xb.o(RESET)
    __main                                   0x080000ed   Thumb Code     0  entry.o(.ARM.Collect$$$$00000000)
    _main_stk                                0x080000ed   Thumb Code     0  entry2.o(.ARM.Collect$$$$00000001)
    _main_scatterload                        0x080000f1   Thumb Code     0  entry5.o(.ARM.Collect$$$$00000004)
    __main_after_scatterload                 0x080000f5   Thumb Code     0  entry5.o(.ARM.Collect$$$$00000004)
    _main_clock                              0x080000f5   Thumb Code     0  entry7b.o(.ARM.Collect$$$$00000008)
    _main_cpp_init                           0x080000f5   Thumb Code     0  entry8b.o(.ARM.Collect$$$$0000000A)
    _main_init                               0x080000f5   Thumb Code     0  entry9a.o(.ARM.Collect$$$$0000000B)
    __rt_lib_shutdown_fini                   0x080000fd   Thumb Code     0  entry12b.o(.ARM.Collect$$$$0000000E)
    __rt_final_cpp                           0x08000101   Thumb Code     0  entry10a.o(.ARM.Collect$$$$0000000F)
    __rt_final_exit                          0x08000101   Thumb Code     0  entry11a.o(.ARM.Collect$$$$00000011)
    vPortSVCHandler                          0x08000105   Thumb Code    32  port.o(.emb_text)
    __asm___6_port_c_39a90d8d__prvStartFirstTask 0x08000129   Thumb Code    28  port.o(.emb_text)
    xPortPendSVHandler                       0x08000149   Thumb Code    72  port.o(.emb_text)
    vPortGetIPSR                             0x08000195   Thumb Code     6  port.o(.emb_text)
    Reset_Handler                            0x0800019d   Thumb Code     8  startup_stm32f103xb.o(.text)
    ADC1_2_IRQHandler                        0x080001b7   Thumb Code     0  startup_stm32f103xb.o(.text)
    CAN1_RX1_IRQHandler                      0x080001b7   Thumb Code     0  startup_stm32f103xb.o(.text)
    CAN1_SCE_IRQHandler                      0x080001b7   Thumb Code     0  startup_stm32f103xb.o(.text)
    DMA1_Channel2_IRQHandler                 0x080001b7   Thumb Code     0  startup_stm32f103xb.o(.text)
    DMA1_Channel3_IRQHandler                 0x080001b7   Thumb Code     0  startup_stm32f103xb.o(.text)
    DMA1_Channel4_IRQHandler                 0x080001b7   Thumb Code     0  startup_stm32f103xb.o(.text)
    DMA1_Channel5_IRQHandler                 0x080001b7   Thumb Code     0  startup_stm32f103xb.o(.text)
    DMA1_Channel6_IRQHandler                 0x080001b7   Thumb Code     0  startup_stm32f103xb.o(.text)
    DMA1_Channel7_IRQHandler                 0x080001b7   Thumb Code     0  startup_stm32f103xb.o(.text)
    EXTI0_IRQHandler                         0x080001b7   Thumb Code     0  startup_stm32f103xb.o(.text)
    EXTI15_10_IRQHandler                     0x080001b7   Thumb Code     0  startup_stm32f103xb.o(.text)
    EXTI1_IRQHandler                         0x080001b7   Thumb Code     0  startup_stm32f103xb.o(.text)
    EXTI2_IRQHandler                         0x080001b7   Thumb Code     0  startup_stm32f103xb.o(.text)
    EXTI3_IRQHandler                         0x080001b7   Thumb Code     0  startup_stm32f103xb.o(.text)
    EXTI4_IRQHandler                         0x080001b7   Thumb Code     0  startup_stm32f103xb.o(.text)
    EXTI9_5_IRQHandler                       0x080001b7   Thumb Code     0  startup_stm32f103xb.o(.text)
    FLASH_IRQHandler                         0x080001b7   Thumb Code     0  startup_stm32f103xb.o(.text)
    I2C1_ER_IRQHandler                       0x080001b7   Thumb Code     0  startup_stm32f103xb.o(.text)
    I2C1_EV_IRQHandler                       0x080001b7   Thumb Code     0  startup_stm32f103xb.o(.text)
    I2C2_ER_IRQHandler                       0x080001b7   Thumb Code     0  startup_stm32f103xb.o(.text)
    I2C2_EV_IRQHandler                       0x080001b7   Thumb Code     0  startup_stm32f103xb.o(.text)
    PVD_IRQHandler                           0x080001b7   Thumb Code     0  startup_stm32f103xb.o(.text)
    RCC_IRQHandler                           0x080001b7   Thumb Code     0  startup_stm32f103xb.o(.text)
    RTC_Alarm_IRQHandler                     0x080001b7   Thumb Code     0  startup_stm32f103xb.o(.text)
    RTC_IRQHandler                           0x080001b7   Thumb Code     0  startup_stm32f103xb.o(.text)
    SPI1_IRQHandler                          0x080001b7   Thumb Code     0  startup_stm32f103xb.o(.text)
    SPI2_IRQHandler                          0x080001b7   Thumb Code     0  startup_stm32f103xb.o(.text)
    TAMPER_IRQHandler                        0x080001b7   Thumb Code     0  startup_stm32f103xb.o(.text)
    TIM1_BRK_IRQHandler                      0x080001b7   Thumb Code     0  startup_stm32f103xb.o(.text)
    TIM1_CC_IRQHandler                       0x080001b7   Thumb Code     0  startup_stm32f103xb.o(.text)
    TIM1_TRG_COM_IRQHandler                  0x080001b7   Thumb Code     0  startup_stm32f103xb.o(.text)
    TIM1_UP_IRQHandler                       0x080001b7   Thumb Code     0  startup_stm32f103xb.o(.text)
    TIM3_IRQHandler                          0x080001b7   Thumb Code     0  startup_stm32f103xb.o(.text)
    TIM4_IRQHandler                          0x080001b7   Thumb Code     0  startup_stm32f103xb.o(.text)
    USART1_IRQHandler                        0x080001b7   Thumb Code     0  startup_stm32f103xb.o(.text)
    USART2_IRQHandler                        0x080001b7   Thumb Code     0  startup_stm32f103xb.o(.text)
    USART3_IRQHandler                        0x080001b7   Thumb Code     0  startup_stm32f103xb.o(.text)
    USBWakeUp_IRQHandler                     0x080001b7   Thumb Code     0  startup_stm32f103xb.o(.text)
    USB_HP_CAN1_TX_IRQHandler                0x080001b7   Thumb Code     0  startup_stm32f103xb.o(.text)
    USB_LP_CAN1_RX0_IRQHandler               0x080001b7   Thumb Code     0  startup_stm32f103xb.o(.text)
    WWDG_IRQHandler                          0x080001b7   Thumb Code     0  startup_stm32f103xb.o(.text)
    __aeabi_memset                           0x080001c1   Thumb Code    14  memseta.o(.text)
    __aeabi_memset4                          0x080001c1   Thumb Code     0  memseta.o(.text)
    __aeabi_memset8                          0x080001c1   Thumb Code     0  memseta.o(.text)
    __aeabi_memclr                           0x080001cf   Thumb Code     4  memseta.o(.text)
    __aeabi_memclr4                          0x080001cf   Thumb Code     0  memseta.o(.text)
    __aeabi_memclr8                          0x080001cf   Thumb Code     0  memseta.o(.text)
    memset                                   0x080001d3   Thumb Code    18  memseta.o(.text)
    __aeabi_fadd                             0x080001e5   Thumb Code   164  fadd.o(.text)
    __aeabi_fsub                             0x08000289   Thumb Code     6  fadd.o(.text)
    __aeabi_frsub                            0x0800028f   Thumb Code     6  fadd.o(.text)
    __aeabi_fmul                             0x08000295   Thumb Code   100  fmul.o(.text)
    __aeabi_fdiv                             0x080002f9   Thumb Code   124  fdiv.o(.text)
    __aeabi_ui2f                             0x08000375   Thumb Code    10  ffltui.o(.text)
    __aeabi_f2d                              0x0800037f   Thumb Code    38  f2d.o(.text)
    __aeabi_cfrcmple                         0x080003a5   Thumb Code    20  cfrcmple.o(.text)
    __aeabi_uidiv                            0x080003b9   Thumb Code     0  uidiv.o(.text)
    __aeabi_uidivmod                         0x080003b9   Thumb Code    44  uidiv.o(.text)
    __aeabi_uldivmod                         0x080003e5   Thumb Code    98  uldiv.o(.text)
    __I$use$fp                               0x08000447   Thumb Code     0  iusefp.o(.text)
    _float_round                             0x08000447   Thumb Code    18  fepilogue.o(.text)
    _float_epilogue                          0x08000459   Thumb Code    92  fepilogue.o(.text)
    __aeabi_dadd                             0x080004b5   Thumb Code   322  dadd.o(.text)
    __aeabi_dsub                             0x080005f7   Thumb Code     6  dadd.o(.text)
    __aeabi_drsub                            0x080005fd   Thumb Code     6  dadd.o(.text)
    __aeabi_dmul                             0x08000603   Thumb Code   228  dmul.o(.text)
    __aeabi_ddiv                             0x080006e7   Thumb Code   222  ddiv.o(.text)
    __aeabi_d2ulz                            0x080007c5   Thumb Code    48  dfixul.o(.text)
    __aeabi_cdrcmple                         0x080007f5   Thumb Code    48  cdrcmple.o(.text)
    __scatterload                            0x08000825   Thumb Code    28  init.o(.text)
    __scatterload_rt2                        0x08000825   Thumb Code     0  init.o(.text)
    __aeabi_llsl                             0x08000849   Thumb Code    30  llshl.o(.text)
    _ll_shift_l                              0x08000849   Thumb Code     0  llshl.o(.text)
    __aeabi_llsr                             0x08000867   Thumb Code    32  llushr.o(.text)
    _ll_ushift_r                             0x08000867   Thumb Code     0  llushr.o(.text)
    __aeabi_lasr                             0x08000887   Thumb Code    36  llsshr.o(.text)
    _ll_sshift_r                             0x08000887   Thumb Code     0  llsshr.o(.text)
    _double_round                            0x080008ab   Thumb Code    30  depilogue.o(.text)
    _double_epilogue                         0x080008c9   Thumb Code   156  depilogue.o(.text)
    ADC_ConversionStop_Disable               0x08000965   Thumb Code    92  stm32f1xx_hal_adc.o(i.ADC_ConversionStop_Disable)
    ADC_DMAConvCplt                          0x080009c1   Thumb Code    82  stm32f1xx_hal_adc.o(i.ADC_DMAConvCplt)
    ADC_DMAError                             0x08000a13   Thumb Code    30  stm32f1xx_hal_adc.o(i.ADC_DMAError)
    ADC_DMAHalfConvCplt                      0x08000a31   Thumb Code    14  stm32f1xx_hal_adc.o(i.ADC_DMAHalfConvCplt)
    ADC_Enable                               0x08000a41   Thumb Code   134  stm32f1xx_hal_adc.o(i.ADC_Enable)
    ADC_Get_Record_Count                     0x08000b35   Thumb Code     6  adc_storage.o(i.ADC_Get_Record_Count)
    ADC_Get_Write_Address                    0x08000b41   Thumb Code     6  adc_storage.o(i.ADC_Get_Write_Address)
    ADC_Storage_Format                       0x08000b4d   Thumb Code    38  adc_storage.o(i.ADC_Storage_Format)
    ADC_Storage_Init                         0x08000b81   Thumb Code    60  adc_storage.o(i.ADC_Storage_Init)
    Alarm_CalcLevel                          0x08000bc5   Thumb Code    66  alarm.o(i.Alarm_CalcLevel)
    Alarm_Init                               0x08000c11   Thumb Code    66  alarm.o(i.Alarm_Init)
    Alarm_Process                            0x08000c65   Thumb Code    94  alarm.o(i.Alarm_Process)
    Alarm_SetLevel                           0x08000cd9   Thumb Code   188  alarm.o(i.Alarm_SetLevel)
    AppTask                                  0x08000d9d   Thumb Code   210  main.o(i.AppTask)
    BusFault_Handler                         0x08000ecd   Thumb Code     4  stm32f1xx_it.o(i.BusFault_Handler)
    DHT20_Init                               0x08000ed1   Thumb Code    40  i2c_dht20.o(i.DHT20_Init)
    DHT20_Read                               0x08000f01   Thumb Code   180  i2c_dht20.o(i.DHT20_Read)
    DMA1_Channel1_IRQHandler                 0x08001009   Thumb Code    10  stm32f1xx_it.o(i.DMA1_Channel1_IRQHandler)
    DebugMon_Handler                         0x08001045   Thumb Code     2  stm32f1xx_it.o(i.DebugMon_Handler)
    Error_Handler                            0x08001047   Thumb Code     6  main.o(i.Error_Handler)
    HAL_ADCEx_Calibration_Start              0x0800104d   Thumb Code   278  stm32f1xx_hal_adc_ex.o(i.HAL_ADCEx_Calibration_Start)
    HAL_ADC_ConfigChannel                    0x08001169   Thumb Code   338  stm32f1xx_hal_adc.o(i.HAL_ADC_ConfigChannel)
    HAL_ADC_ConvCpltCallback                 0x080012c9   Thumb Code    16  sensor.o(i.HAL_ADC_ConvCpltCallback)
    HAL_ADC_ConvHalfCpltCallback             0x080012e1   Thumb Code     2  stm32f1xx_hal_adc.o(i.HAL_ADC_ConvHalfCpltCallback)
    HAL_ADC_ErrorCallback                    0x080012e3   Thumb Code     2  stm32f1xx_hal_adc.o(i.HAL_ADC_ErrorCallback)
    HAL_ADC_Init                             0x080012e5   Thumb Code   314  stm32f1xx_hal_adc.o(i.HAL_ADC_Init)
    HAL_ADC_MspInit                          0x08001429   Thumb Code   154  adc.o(i.HAL_ADC_MspInit)
    HAL_ADC_Start_DMA                        0x080014d9   Thumb Code   362  stm32f1xx_hal_adc.o(i.HAL_ADC_Start_DMA)
    HAL_DMA_IRQHandler                       0x08001659   Thumb Code   408  stm32f1xx_hal_dma.o(i.HAL_DMA_IRQHandler)
    HAL_DMA_Init                             0x080017f5   Thumb Code   100  stm32f1xx_hal_dma.o(i.HAL_DMA_Init)
    HAL_DMA_Start_IT                         0x0800185d   Thumb Code   156  stm32f1xx_hal_dma.o(i.HAL_DMA_Start_IT)
    HAL_Delay                                0x080018f9   Thumb Code    36  stm32f1xx_hal.o(i.HAL_Delay)
    HAL_GPIO_Init                            0x08001921   Thumb Code   766  stm32f1xx_hal_gpio.o(i.HAL_GPIO_Init)
    HAL_GPIO_WritePin                        0x08001c41   Thumb Code    12  stm32f1xx_hal_gpio.o(i.HAL_GPIO_WritePin)
    HAL_GetTick                              0x08001c4d   Thumb Code     6  stm32f1xx_hal.o(i.HAL_GetTick)
    HAL_I2C_Init                             0x08001c59   Thumb Code   446  stm32f1xx_hal_i2c.o(i.HAL_I2C_Init)
    HAL_I2C_IsDeviceReady                    0x08001e29   Thumb Code   430  stm32f1xx_hal_i2c.o(i.HAL_I2C_IsDeviceReady)
    HAL_I2C_Master_Receive                   0x08001fe1   Thumb Code   858  stm32f1xx_hal_i2c.o(i.HAL_I2C_Master_Receive)
    HAL_I2C_Master_Transmit                  0x0800234d   Thumb Code   360  stm32f1xx_hal_i2c.o(i.HAL_I2C_Master_Transmit)
    HAL_I2C_MspInit                          0x080024bd   Thumb Code   104  i2c.o(i.HAL_I2C_MspInit)
    HAL_IncTick                              0x08002531   Thumb Code    16  stm32f1xx_hal.o(i.HAL_IncTick)
    HAL_Init                                 0x08002549   Thumb Code    34  stm32f1xx_hal.o(i.HAL_Init)
    HAL_InitTick                             0x08002571   Thumb Code    64  stm32f1xx_hal.o(i.HAL_InitTick)
    HAL_MspInit                              0x080025bd   Thumb Code    76  stm32f1xx_hal_msp.o(i.HAL_MspInit)
    HAL_NVIC_EnableIRQ                       0x08002611   Thumb Code    32  stm32f1xx_hal_cortex.o(i.HAL_NVIC_EnableIRQ)
    HAL_NVIC_SetPriority                     0x08002631   Thumb Code   124  stm32f1xx_hal_cortex.o(i.HAL_NVIC_SetPriority)
    HAL_NVIC_SetPriorityGrouping             0x080026ad   Thumb Code    32  stm32f1xx_hal_cortex.o(i.HAL_NVIC_SetPriorityGrouping)
    HAL_RCCEx_GetPeriphCLKFreq               0x080026d5   Thumb Code   232  stm32f1xx_hal_rcc_ex.o(i.HAL_RCCEx_GetPeriphCLKFreq)
    HAL_RCCEx_PeriphCLKConfig                0x080027d1   Thumb Code   290  stm32f1xx_hal_rcc_ex.o(i.HAL_RCCEx_PeriphCLKConfig)
    HAL_RCC_ClockConfig                      0x08002901   Thumb Code   376  stm32f1xx_hal_rcc.o(i.HAL_RCC_ClockConfig)
    HAL_RCC_GetHCLKFreq                      0x08002a8d   Thumb Code     6  stm32f1xx_hal_rcc.o(i.HAL_RCC_GetHCLKFreq)
    HAL_RCC_GetPCLK1Freq                     0x08002a99   Thumb Code    22  stm32f1xx_hal_rcc.o(i.HAL_RCC_GetPCLK1Freq)
    HAL_RCC_GetPCLK2Freq                     0x08002ab9   Thumb Code    22  stm32f1xx_hal_rcc.o(i.HAL_RCC_GetPCLK2Freq)
    HAL_RCC_GetSysClockFreq                  0x08002ad9   Thumb Code    92  stm32f1xx_hal_rcc.o(i.HAL_RCC_GetSysClockFreq)
    HAL_RCC_OscConfig                        0x08002b49   Thumb Code  1114  stm32f1xx_hal_rcc.o(i.HAL_RCC_OscConfig)
    HAL_SPI_Init                             0x08002fad   Thumb Code   190  stm32f1xx_hal_spi.o(i.HAL_SPI_Init)
    HAL_SPI_MspInit                          0x0800306d   Thumb Code   124  spi.o(i.HAL_SPI_MspInit)
    HAL_SPI_TransmitReceive                  0x080030f5   Thumb Code   584  stm32f1xx_hal_spi.o(i.HAL_SPI_TransmitReceive)
    HAL_SYSTICK_Config                       0x0800333d   Thumb Code    52  stm32f1xx_hal_cortex.o(i.HAL_SYSTICK_Config)
    HAL_TIMEx_BreakCallback                  0x08003371   Thumb Code     2  stm32f1xx_hal_tim_ex.o(i.HAL_TIMEx_BreakCallback)
    HAL_TIMEx_CommutCallback                 0x08003373   Thumb Code     2  stm32f1xx_hal_tim_ex.o(i.HAL_TIMEx_CommutCallback)
    HAL_TIMEx_MasterConfigSynchronization    0x08003375   Thumb Code   118  stm32f1xx_hal_tim_ex.o(i.HAL_TIMEx_MasterConfigSynchronization)
    HAL_TIM_IC_CaptureCallback               0x080033f9   Thumb Code     2  stm32f1xx_hal_tim.o(i.HAL_TIM_IC_CaptureCallback)
    HAL_TIM_IRQHandler                       0x080033fb   Thumb Code   364  stm32f1xx_hal_tim.o(i.HAL_TIM_IRQHandler)
    HAL_TIM_MspPostInit                      0x08003569   Thumb Code   128  tim.o(i.HAL_TIM_MspPostInit)
    HAL_TIM_OC_DelayElapsedCallback          0x080035f9   Thumb Code     2  stm32f1xx_hal_tim.o(i.HAL_TIM_OC_DelayElapsedCallback)
    HAL_TIM_PWM_ConfigChannel                0x080035fb   Thumb Code   260  stm32f1xx_hal_tim.o(i.HAL_TIM_PWM_ConfigChannel)
    HAL_TIM_PWM_Init                         0x080036ff   Thumb Code   102  stm32f1xx_hal_tim.o(i.HAL_TIM_PWM_Init)
    HAL_TIM_PWM_MspInit                      0x08003765   Thumb Code    96  tim.o(i.HAL_TIM_PWM_MspInit)
    HAL_TIM_PWM_PulseFinishedCallback        0x080037cd   Thumb Code     2  stm32f1xx_hal_tim.o(i.HAL_TIM_PWM_PulseFinishedCallback)
    HAL_TIM_PWM_Start                        0x080037d1   Thumb Code   198  stm32f1xx_hal_tim.o(i.HAL_TIM_PWM_Start)
    HAL_TIM_PeriodElapsedCallback            0x080038a5   Thumb Code     2  stm32f1xx_hal_tim.o(i.HAL_TIM_PeriodElapsedCallback)
    HAL_TIM_TriggerCallback                  0x080038a7   Thumb Code     2  stm32f1xx_hal_tim.o(i.HAL_TIM_TriggerCallback)
    HAL_UART_Init                            0x080038a9   Thumb Code   118  stm32f1xx_hal_uart.o(i.HAL_UART_Init)
    HAL_UART_MspInit                         0x08003921   Thumb Code   122  usart.o(i.HAL_UART_MspInit)
    HAL_UART_Transmit                        0x080039a9   Thumb Code   190  stm32f1xx_hal_uart.o(i.HAL_UART_Transmit)
    HardFault_Handler                        0x08003a67   Thumb Code     4  stm32f1xx_it.o(i.HardFault_Handler)
    I2C_Scan                                 0x08003ca1   Thumb Code    38  i2c_scan.o(i.I2C_Scan)
    MQ_Init                                  0x08003ff7   Thumb Code    26  mq.o(i.MQ_Init)
    MQ_Update                                0x08004011   Thumb Code   108  mq.o(i.MQ_Update)
    MX_ADC1_Init                             0x0800407d   Thumb Code   130  adc.o(i.MX_ADC1_Init)
    MX_DMA_Init                              0x08004109   Thumb Code    48  dma.o(i.MX_DMA_Init)
    MX_GPIO_Init                             0x0800413d   Thumb Code   194  gpio.o(i.MX_GPIO_Init)
    MX_I2C1_Init                             0x0800420d   Thumb Code    48  i2c.o(i.MX_I2C1_Init)
    MX_SPI2_Init                             0x08004249   Thumb Code    58  spi.o(i.MX_SPI2_Init)
    MX_TIM2_Init                             0x0800428d   Thumb Code   116  tim.o(i.MX_TIM2_Init)
    MX_TIM3_Init                             0x08004305   Thumb Code   116  tim.o(i.MX_TIM3_Init)
    MX_USART1_UART_Init                      0x08004381   Thumb Code    46  usart.o(i.MX_USART1_UART_Init)
    MemManage_Handler                        0x080043b9   Thumb Code     4  stm32f1xx_it.o(i.MemManage_Handler)
    NMI_Handler                              0x080043bd   Thumb Code     4  stm32f1xx_it.o(i.NMI_Handler)
    OLED_Clear                               0x080043c1   Thumb Code    56  i2c_led.o(i.OLED_Clear)
    OLED_Init                                0x080043f9   Thumb Code   172  i2c_led.o(i.OLED_Init)
    OLED_SetCursor                           0x080044a5   Thumb Code    36  i2c_led.o(i.OLED_SetCursor)
    OLED_ShowChar                            0x080044c9   Thumb Code    64  i2c_led.o(i.OLED_ShowChar)
    OLED_ShowString                          0x0800450d   Thumb Code    52  i2c_led.o(i.OLED_ShowString)
    OLED_WriteCmd                            0x08004541   Thumb Code    32  i2c_led.o(i.OLED_WriteCmd)
    OLED_WriteData                           0x08004565   Thumb Code    34  i2c_led.o(i.OLED_WriteData)
    PendSV_Handler                           0x0800458d   Thumb Code     8  stm32f1xx_it.o(i.PendSV_Handler)
    SVC_Handler                              0x080046d9   Thumb Code     8  stm32f1xx_it.o(i.SVC_Handler)
    Sensor_Init                              0x080046e1   Thumb Code     8  sensor.o(i.Sensor_Init)
    Sensor_Read                              0x080046e9   Thumb Code   166  sensor.o(i.Sensor_Read)
    Sensor_Start                             0x080047a5   Thumb Code    20  sensor.o(i.Sensor_Start)
    SysTick_Handler                          0x080047c1   Thumb Code    12  stm32f1xx_it.o(i.SysTick_Handler)
    SystemClock_Config                       0x080047cd   Thumb Code   132  main.o(i.SystemClock_Config)
    SystemInit                               0x08004851   Thumb Code     2  system_stm32f1xx.o(i.SystemInit)
    TIM2_IRQHandler                          0x08004855   Thumb Code    10  stm32f1xx_it.o(i.TIM2_IRQHandler)
    TIM_Base_SetConfig                       0x08004865   Thumb Code   120  stm32f1xx_hal_tim.o(i.TIM_Base_SetConfig)
    TIM_CCxChannelCmd                        0x080048e9   Thumb Code    34  stm32f1xx_hal_tim.o(i.TIM_CCxChannelCmd)
    TIM_OC2_SetConfig                        0x0800496d   Thumb Code   100  stm32f1xx_hal_tim.o(i.TIM_OC2_SetConfig)
    UsageFault_Handler                       0x08004c79   Thumb Code     4  stm32f1xx_it.o(i.UsageFault_Handler)
    W25Q64_Init                              0x08004c7d   Thumb Code    14  spi_w25q64.o(i.W25Q64_Init)
    W25Q64_Read                              0x08004c91   Thumb Code    82  spi_w25q64.o(i.W25Q64_Read)
    W25Q64_ReadID                            0x08004ce9   Thumb Code    64  spi_w25q64.o(i.W25Q64_ReadID)
    W25Q64_ReadStatus1                       0x08004d2d   Thumb Code    42  spi_w25q64.o(i.W25Q64_ReadStatus1)
    W25Q64_SectorErase                       0x08004d7d   Thumb Code    64  spi_w25q64.o(i.W25Q64_SectorErase)
    W25Q64_WaitBusy                          0x08004dc1   Thumb Code    18  spi_w25q64.o(i.W25Q64_WaitBusy)
    W25Q64_WriteEnable                       0x08004dd5   Thumb Code    32  spi_w25q64.o(i.W25Q64_WriteEnable)
    __0printf                                0x08004df9   Thumb Code    22  printfa.o(i.__0printf)
    __1printf                                0x08004df9   Thumb Code     0  printfa.o(i.__0printf)
    __2printf                                0x08004df9   Thumb Code     0  printfa.o(i.__0printf)
    __c89printf                              0x08004df9   Thumb Code     0  printfa.o(i.__0printf)
    printf                                   0x08004df9   Thumb Code     0  printfa.o(i.__0printf)
    __0sprintf                               0x08004e19   Thumb Code    34  printfa.o(i.__0sprintf)
    __1sprintf                               0x08004e19   Thumb Code     0  printfa.o(i.__0sprintf)
    __2sprintf                               0x08004e19   Thumb Code     0  printfa.o(i.__0sprintf)
    __c89sprintf                             0x08004e19   Thumb Code     0  printfa.o(i.__0sprintf)
    sprintf                                  0x08004e19   Thumb Code     0  printfa.o(i.__0sprintf)
    __scatterload_copy                       0x08004e79   Thumb Code    14  handlers.o(i.__scatterload_copy)
    __scatterload_null                       0x08004e87   Thumb Code     2  handlers.o(i.__scatterload_null)
    __scatterload_zeroinit                   0x08004e89   Thumb Code    14  handlers.o(i.__scatterload_zeroinit)
    fputc                                    0x0800572d   Thumb Code    22  main.o(i.fputc)
    main                                     0x08005749   Thumb Code   372  main.o(i.main)
    pvPortMalloc                             0x08005d55   Thumb Code   306  heap_4.o(i.pvPortMalloc)
    pxPortInitialiseStack                    0x08005ea1   Thumb Code    30  port.o(i.pxPortInitialiseStack)
    uxListRemove                             0x08005ec5   Thumb Code    40  list.o(i.uxListRemove)
    vApplicationStackOverflowHook            0x08005eed   Thumb Code     6  main.o(i.vApplicationStackOverflowHook)
    vListInitialise                          0x08005ef3   Thumb Code    26  list.o(i.vListInitialise)
    vListInitialiseItem                      0x08005f0d   Thumb Code     6  list.o(i.vListInitialiseItem)
    vListInsert                              0x08005f13   Thumb Code    52  list.o(i.vListInsert)
    vListInsertEnd                           0x08005f47   Thumb Code    24  list.o(i.vListInsertEnd)
    vPortEnterCritical                       0x08005f61   Thumb Code    76  port.o(i.vPortEnterCritical)
    vPortExitCritical                        0x08005fb5   Thumb Code    56  port.o(i.vPortExitCritical)
    vPortFree                                0x08005ff1   Thumb Code   150  heap_4.o(i.vPortFree)
    vPortSetupTimerInterrupt                 0x08006095   Thumb Code    36  port.o(i.vPortSetupTimerInterrupt)
    vTaskDelay                               0x080060bd   Thumb Code    82  tasks.o(i.vTaskDelay)
    vTaskStartScheduler                      0x08006119   Thumb Code   108  tasks.o(i.vTaskStartScheduler)
    vTaskSuspendAll                          0x080061a1   Thumb Code    12  tasks.o(i.vTaskSuspendAll)
    vTaskSwitchContext                       0x080061b1   Thumb Code   174  tasks.o(i.vTaskSwitchContext)
    xPortStartScheduler                      0x08006275   Thumb Code   270  port.o(i.xPortStartScheduler)
    xPortSysTickHandler                      0x08006399   Thumb Code    46  port.o(i.xPortSysTickHandler)
    xTaskCreate                              0x080063cd   Thumb Code    96  tasks.o(i.xTaskCreate)
    xTaskIncrementTick                       0x0800642d   Thumb Code   282  tasks.o(i.xTaskIncrementTick)
    xTaskResumeAll                           0x08006575   Thumb Code   224  tasks.o(i.xTaskResumeAll)
    AHBPrescTable                            0x08006678   Data          16  system_stm32f1xx.o(.constdata)
    APBPrescTable                            0x08006688   Data           8  system_stm32f1xx.o(.constdata)
    Font6x8                                  0x080066b4   Data         570  fonts.o(.constdata)
    Region$$Table$$Base                      0x080068f0   Number         0  anon$$obj.o(Region$$Table)
    Region$$Table$$Limit                     0x08006910   Number         0  anon$$obj.o(Region$$Table)
    SystemCoreClock                          0x20000000   Data           4  system_stm32f1xx.o(.data)
    uwTick                                   0x20000004   Data           4  stm32f1xx_hal.o(.data)
    uwTickPrio                               0x20000008   Data           4  stm32f1xx_hal.o(.data)
    uwTickFreq                               0x2000000c   Data           1  stm32f1xx_hal.o(.data)
    flash_id                                 0x20000010   Data           4  main.o(.data)
    pxCurrentTCB                             0x20000030   Data           4  tasks.o(.data)
    __stdout                                 0x20000094   Data           4  stdout.o(.data)
    mq135                                    0x20000098   Data          20  main.o(.bss)
    mq2                                      0x200000ac   Data          20  main.o(.bss)
    hadc1                                    0x200000c0   Data          48  adc.o(.bss)
    hdma_adc1                                0x200000f0   Data          68  adc.o(.bss)
    hi2c1                                    0x20000134   Data          84  i2c.o(.bss)
    htim2                                    0x20000188   Data          72  tim.o(.bss)
    htim3                                    0x200001d0   Data          72  tim.o(.bss)
    huart1                                   0x20000218   Data          72  usart.o(.bss)
    hspi2                                    0x20000260   Data          88  spi.o(.bss)
    __initial_sp                             0x20001f88   Data           0  startup_stm32f103xb.o(STACK)



==============================================================================

Memory Map of the image

  Image Entry point : 0x0800019d

  Load Region LR_1 (Base: 0x08000000, Size: 0x000069a8, Max: 0xffffffff, ABSOLUTE)

    Execution Region ER_RO (Exec base: 0x08000000, Load base: 0x08000000, Size: 0x00006910, Max: 0xffffffff, ABSOLUTE)

    Exec Addr    Load Addr    Size         Type   Attr      Idx    E Section Name        Object

    0x08000000   0x08000000   0x000000ec   Data   RO            3    RESET               startup_stm32f103xb.o
    0x080000ec   0x080000ec   0x00000000   Code   RO         5170  * .ARM.Collect$$$$00000000  mc_w.l(entry.o)
    0x080000ec   0x080000ec   0x00000004   Code   RO         5454    .ARM.Collect$$$$00000001  mc_w.l(entry2.o)
    0x080000f0   0x080000f0   0x00000004   Code   RO         5457    .ARM.Collect$$$$00000004  mc_w.l(entry5.o)
    0x080000f4   0x080000f4   0x00000000   Code   RO         5459    .ARM.Collect$$$$00000008  mc_w.l(entry7b.o)
    0x080000f4   0x080000f4   0x00000000   Code   RO         5461    .ARM.Collect$$$$0000000A  mc_w.l(entry8b.o)
    0x080000f4   0x080000f4   0x00000008   Code   RO         5462    .ARM.Collect$$$$0000000B  mc_w.l(entry9a.o)
    0x080000fc   0x080000fc   0x00000004   Code   RO         5469    .ARM.Collect$$$$0000000E  mc_w.l(entry12b.o)
    0x08000100   0x08000100   0x00000000   Code   RO         5464    .ARM.Collect$$$$0000000F  mc_w.l(entry10a.o)
    0x08000100   0x08000100   0x00000000   Code   RO         5466    .ARM.Collect$$$$00000011  mc_w.l(entry11a.o)
    0x08000100   0x08000100   0x00000004   Code   RO         5455    .ARM.Collect$$$$00002712  mc_w.l(entry2.o)
    0x08000104   0x08000104   0x00000096   Code   RO         5005    .emb_text           port.o
    0x0800019a   0x0800019a   0x00000002   PAD
    0x0800019c   0x0800019c   0x00000024   Code   RO            4  * .text               startup_stm32f103xb.o
    0x080001c0   0x080001c0   0x00000024   Code   RO         5177    .text               mc_w.l(memseta.o)
    0x080001e4   0x080001e4   0x000000b0   Code   RO         5442    .text               mf_w.l(fadd.o)
    0x08000294   0x08000294   0x00000064   Code   RO         5444    .text               mf_w.l(fmul.o)
    0x080002f8   0x080002f8   0x0000007c   Code   RO         5446    .text               mf_w.l(fdiv.o)
    0x08000374   0x08000374   0x0000000a   Code   RO         5448    .text               mf_w.l(ffltui.o)
    0x0800037e   0x0800037e   0x00000026   Code   RO         5450    .text               mf_w.l(f2d.o)
    0x080003a4   0x080003a4   0x00000014   Code   RO         5452    .text               mf_w.l(cfrcmple.o)
    0x080003b8   0x080003b8   0x0000002c   Code   RO         5471    .text               mc_w.l(uidiv.o)
    0x080003e4   0x080003e4   0x00000062   Code   RO         5473    .text               mc_w.l(uldiv.o)
    0x08000446   0x08000446   0x00000000   Code   RO         5475    .text               mc_w.l(iusefp.o)
    0x08000446   0x08000446   0x0000006e   Code   RO         5476    .text               mf_w.l(fepilogue.o)
    0x080004b4   0x080004b4   0x0000014e   Code   RO         5478    .text               mf_w.l(dadd.o)
    0x08000602   0x08000602   0x000000e4   Code   RO         5480    .text               mf_w.l(dmul.o)
    0x080006e6   0x080006e6   0x000000de   Code   RO         5482    .text               mf_w.l(ddiv.o)
    0x080007c4   0x080007c4   0x00000030   Code   RO         5484    .text               mf_w.l(dfixul.o)
    0x080007f4   0x080007f4   0x00000030   Code   RO         5486    .text               mf_w.l(cdrcmple.o)
    0x08000824   0x08000824   0x00000024   Code   RO         5488    .text               mc_w.l(init.o)
    0x08000848   0x08000848   0x0000001e   Code   RO         5490    .text               mc_w.l(llshl.o)
    0x08000866   0x08000866   0x00000020   Code   RO         5492    .text               mc_w.l(llushr.o)
    0x08000886   0x08000886   0x00000024   Code   RO         5494    .text               mc_w.l(llsshr.o)
    0x080008aa   0x080008aa   0x000000ba   Code   RO         5496    .text               mf_w.l(depilogue.o)
    0x08000964   0x08000964   0x0000005c   Code   RO          617    i.ADC_ConversionStop_Disable  stm32f1xx_hal_adc.o
    0x080009c0   0x080009c0   0x00000052   Code   RO          618    i.ADC_DMAConvCplt   stm32f1xx_hal_adc.o
    0x08000a12   0x08000a12   0x0000001e   Code   RO          619    i.ADC_DMAError      stm32f1xx_hal_adc.o
    0x08000a30   0x08000a30   0x0000000e   Code   RO          620    i.ADC_DMAHalfConvCplt  stm32f1xx_hal_adc.o
    0x08000a3e   0x08000a3e   0x00000002   PAD
    0x08000a40   0x08000a40   0x00000090   Code   RO          621    i.ADC_Enable        stm32f1xx_hal_adc.o
    0x08000ad0   0x08000ad0   0x00000040   Code   RO         3957    i.ADC_Find_Write_Address  adc_storage.o
    0x08000b10   0x08000b10   0x00000022   Code   RO         3958    i.ADC_Get_Record_Address  adc_storage.o
    0x08000b32   0x08000b32   0x00000002   PAD
    0x08000b34   0x08000b34   0x0000000c   Code   RO         3959    i.ADC_Get_Record_Count  adc_storage.o
    0x08000b40   0x08000b40   0x0000000c   Code   RO         3960    i.ADC_Get_Write_Address  adc_storage.o
    0x08000b4c   0x08000b4c   0x00000034   Code   RO         3963    i.ADC_Storage_Format  adc_storage.o
    0x08000b80   0x08000b80   0x00000044   Code   RO         3964    i.ADC_Storage_Init  adc_storage.o
    0x08000bc4   0x08000bc4   0x0000004c   Code   RO         4101    i.Alarm_CalcLevel   alarm.o
    0x08000c10   0x08000c10   0x00000054   Code   RO         4102    i.Alarm_Init        alarm.o
    0x08000c64   0x08000c64   0x00000074   Code   RO         4103    i.Alarm_Process     alarm.o
    0x08000cd8   0x08000cd8   0x000000c4   Code   RO         4104    i.Alarm_SetLevel    alarm.o
    0x08000d9c   0x08000d9c   0x00000130   Code   RO         3181    i.AppTask           main.o
    0x08000ecc   0x08000ecc   0x00000004   Code   RO         3329    i.BusFault_Handler  stm32f1xx_it.o
    0x08000ed0   0x08000ed0   0x00000030   Code   RO         3841    i.DHT20_Init        i2c_dht20.o
    0x08000f00   0x08000f00   0x000000c8   Code   RO         3842    i.DHT20_Read        i2c_dht20.o
    0x08000fc8   0x08000fc8   0x00000040   Code   RO         3843    i.DHT20_WaitReady   i2c_dht20.o
    0x08001008   0x08001008   0x00000010   Code   RO         3330    i.DMA1_Channel1_IRQHandler  stm32f1xx_it.o
    0x08001018   0x08001018   0x0000002c   Code   RO          893    i.DMA_SetConfig     stm32f1xx_hal_dma.o
    0x08001044   0x08001044   0x00000002   Code   RO         3331    i.DebugMon_Handler  stm32f1xx_it.o
    0x08001046   0x08001046   0x00000006   Code   RO         3182    i.Error_Handler     main.o
    0x0800104c   0x0800104c   0x0000011c   Code   RO          797    i.HAL_ADCEx_Calibration_Start  stm32f1xx_hal_adc_ex.o
    0x08001168   0x08001168   0x00000160   Code   RO          623    i.HAL_ADC_ConfigChannel  stm32f1xx_hal_adc.o
    0x080012c8   0x080012c8   0x00000018   Code   RO         4026    i.HAL_ADC_ConvCpltCallback  sensor.o
    0x080012e0   0x080012e0   0x00000002   Code   RO          625    i.HAL_ADC_ConvHalfCpltCallback  stm32f1xx_hal_adc.o
    0x080012e2   0x080012e2   0x00000002   Code   RO          627    i.HAL_ADC_ErrorCallback  stm32f1xx_hal_adc.o
    0x080012e4   0x080012e4   0x00000144   Code   RO          632    i.HAL_ADC_Init      stm32f1xx_hal_adc.o
    0x08001428   0x08001428   0x000000b0   Code   RO         3418    i.HAL_ADC_MspInit   adc.o
    0x080014d8   0x080014d8   0x00000180   Code   RO          639    i.HAL_ADC_Start_DMA  stm32f1xx_hal_adc.o
    0x08001658   0x08001658   0x0000019c   Code   RO          899    i.HAL_DMA_IRQHandler  stm32f1xx_hal_dma.o
    0x080017f4   0x080017f4   0x00000068   Code   RO          900    i.HAL_DMA_Init      stm32f1xx_hal_dma.o
    0x0800185c   0x0800185c   0x0000009c   Code   RO          904    i.HAL_DMA_Start_IT  stm32f1xx_hal_dma.o
    0x080018f8   0x080018f8   0x00000028   Code   RO          150    i.HAL_Delay         stm32f1xx_hal.o
    0x08001920   0x08001920   0x00000320   Code   RO          446    i.HAL_GPIO_Init     stm32f1xx_hal_gpio.o
    0x08001c40   0x08001c40   0x0000000c   Code   RO          450    i.HAL_GPIO_WritePin  stm32f1xx_hal_gpio.o
    0x08001c4c   0x08001c4c   0x0000000c   Code   RO          154    i.HAL_GetTick       stm32f1xx_hal.o
    0x08001c58   0x08001c58   0x000001d0   Code   RO         2020    i.HAL_I2C_Init      stm32f1xx_hal_i2c.o
    0x08001e28   0x08001e28   0x000001b8   Code   RO         2021    i.HAL_I2C_IsDeviceReady  stm32f1xx_hal_i2c.o
    0x08001fe0   0x08001fe0   0x0000036c   Code   RO         2026    i.HAL_I2C_Master_Receive  stm32f1xx_hal_i2c.o
    0x0800234c   0x0800234c   0x00000170   Code   RO         2033    i.HAL_I2C_Master_Transmit  stm32f1xx_hal_i2c.o
    0x080024bc   0x080024bc   0x00000074   Code   RO         3511    i.HAL_I2C_MspInit   i2c.o
    0x08002530   0x08002530   0x00000018   Code   RO          160    i.HAL_IncTick       stm32f1xx_hal.o
    0x08002548   0x08002548   0x00000028   Code   RO          161    i.HAL_Init          stm32f1xx_hal.o
    0x08002570   0x08002570   0x0000004c   Code   RO          162    i.HAL_InitTick      stm32f1xx_hal.o
    0x080025bc   0x080025bc   0x00000054   Code   RO         3751    i.HAL_MspInit       stm32f1xx_hal_msp.o
    0x08002610   0x08002610   0x00000020   Code   RO          323    i.HAL_NVIC_EnableIRQ  stm32f1xx_hal_cortex.o
    0x08002630   0x08002630   0x0000007c   Code   RO          329    i.HAL_NVIC_SetPriority  stm32f1xx_hal_cortex.o
    0x080026ac   0x080026ac   0x00000028   Code   RO          330    i.HAL_NVIC_SetPriorityGrouping  stm32f1xx_hal_cortex.o
    0x080026d4   0x080026d4   0x000000fc   Code   RO          989    i.HAL_RCCEx_GetPeriphCLKFreq  stm32f1xx_hal_rcc_ex.o
    0x080027d0   0x080027d0   0x00000130   Code   RO          990    i.HAL_RCCEx_PeriphCLKConfig  stm32f1xx_hal_rcc_ex.o
    0x08002900   0x08002900   0x0000018c   Code   RO          510    i.HAL_RCC_ClockConfig  stm32f1xx_hal_rcc.o
    0x08002a8c   0x08002a8c   0x0000000c   Code   RO          515    i.HAL_RCC_GetHCLKFreq  stm32f1xx_hal_rcc.o
    0x08002a98   0x08002a98   0x00000020   Code   RO          517    i.HAL_RCC_GetPCLK1Freq  stm32f1xx_hal_rcc.o
    0x08002ab8   0x08002ab8   0x00000020   Code   RO          518    i.HAL_RCC_GetPCLK2Freq  stm32f1xx_hal_rcc.o
    0x08002ad8   0x08002ad8   0x00000070   Code   RO          519    i.HAL_RCC_GetSysClockFreq  stm32f1xx_hal_rcc.o
    0x08002b48   0x08002b48   0x00000464   Code   RO          522    i.HAL_RCC_OscConfig  stm32f1xx_hal_rcc.o
    0x08002fac   0x08002fac   0x000000be   Code   RO         2870    i.HAL_SPI_Init      stm32f1xx_hal_spi.o
    0x0800306a   0x0800306a   0x00000002   PAD
    0x0800306c   0x0800306c   0x00000088   Code   RO         3800    i.HAL_SPI_MspInit   spi.o
    0x080030f4   0x080030f4   0x00000248   Code   RO         2879    i.HAL_SPI_TransmitReceive  stm32f1xx_hal_spi.o
    0x0800333c   0x0800333c   0x00000034   Code   RO          334    i.HAL_SYSTICK_Config  stm32f1xx_hal_cortex.o
    0x08003370   0x08003370   0x00000002   Code   RO         1742    i.HAL_TIMEx_BreakCallback  stm32f1xx_hal_tim_ex.o
    0x08003372   0x08003372   0x00000002   Code   RO         1743    i.HAL_TIMEx_CommutCallback  stm32f1xx_hal_tim_ex.o
    0x08003374   0x08003374   0x00000084   Code   RO         1761    i.HAL_TIMEx_MasterConfigSynchronization  stm32f1xx_hal_tim_ex.o
    0x080033f8   0x080033f8   0x00000002   Code   RO         1061    i.HAL_TIM_IC_CaptureCallback  stm32f1xx_hal_tim.o
    0x080033fa   0x080033fa   0x0000016c   Code   RO         1075    i.HAL_TIM_IRQHandler  stm32f1xx_hal_tim.o
    0x08003566   0x08003566   0x00000002   PAD
    0x08003568   0x08003568   0x00000090   Code   RO         3655    i.HAL_TIM_MspPostInit  tim.o
    0x080035f8   0x080035f8   0x00000002   Code   RO         1078    i.HAL_TIM_OC_DelayElapsedCallback  stm32f1xx_hal_tim.o
    0x080035fa   0x080035fa   0x00000104   Code   RO         1099    i.HAL_TIM_PWM_ConfigChannel  stm32f1xx_hal_tim.o
    0x080036fe   0x080036fe   0x00000066   Code   RO         1102    i.HAL_TIM_PWM_Init  stm32f1xx_hal_tim.o
    0x08003764   0x08003764   0x00000068   Code   RO         3657    i.HAL_TIM_PWM_MspInit  tim.o
    0x080037cc   0x080037cc   0x00000002   Code   RO         1105    i.HAL_TIM_PWM_PulseFinishedCallback  stm32f1xx_hal_tim.o
    0x080037ce   0x080037ce   0x00000002   PAD
    0x080037d0   0x080037d0   0x000000d4   Code   RO         1107    i.HAL_TIM_PWM_Start  stm32f1xx_hal_tim.o
    0x080038a4   0x080038a4   0x00000002   Code   RO         1113    i.HAL_TIM_PeriodElapsedCallback  stm32f1xx_hal_tim.o
    0x080038a6   0x080038a6   0x00000002   Code   RO         1118    i.HAL_TIM_TriggerCallback  stm32f1xx_hal_tim.o
    0x080038a8   0x080038a8   0x00000076   Code   RO         2516    i.HAL_UART_Init     stm32f1xx_hal_uart.o
    0x0800391e   0x0800391e   0x00000002   PAD
    0x08003920   0x08003920   0x00000088   Code   RO         3710    i.HAL_UART_MspInit  usart.o
    0x080039a8   0x080039a8   0x000000be   Code   RO         2524    i.HAL_UART_Transmit  stm32f1xx_hal_uart.o
    0x08003a66   0x08003a66   0x00000004   Code   RO         3332    i.HardFault_Handler  stm32f1xx_it.o
    0x08003a6a   0x08003a6a   0x0000003e   Code   RO         2064    i.I2C_IsAcknowledgeFailed  stm32f1xx_hal_i2c.o
    0x08003aa8   0x08003aa8   0x00000138   Code   RO         2067    i.I2C_MasterRequestRead  stm32f1xx_hal_i2c.o
    0x08003be0   0x08003be0   0x000000c0   Code   RO         2068    i.I2C_MasterRequestWrite  stm32f1xx_hal_i2c.o
    0x08003ca0   0x08003ca0   0x00000048   Code   RO         3631    i.I2C_Scan          i2c_scan.o
    0x08003ce8   0x08003ce8   0x00000066   Code   RO         2084    i.I2C_WaitOnBTFFlagUntilTimeout  stm32f1xx_hal_i2c.o
    0x08003d4e   0x08003d4e   0x000000be   Code   RO         2085    i.I2C_WaitOnFlagUntilTimeout  stm32f1xx_hal_i2c.o
    0x08003e0c   0x08003e0c   0x000000fa   Code   RO         2086    i.I2C_WaitOnMasterAddressFlagUntilTimeout  stm32f1xx_hal_i2c.o
    0x08003f06   0x08003f06   0x0000008a   Code   RO         2087    i.I2C_WaitOnRXNEFlagUntilTimeout  stm32f1xx_hal_i2c.o
    0x08003f90   0x08003f90   0x00000066   Code   RO         2090    i.I2C_WaitOnTXEFlagUntilTimeout  stm32f1xx_hal_i2c.o
    0x08003ff6   0x08003ff6   0x0000001a   Code   RO         4071    i.MQ_Init           mq.o
    0x08004010   0x08004010   0x0000006c   Code   RO         4072    i.MQ_Update         mq.o
    0x0800407c   0x0800407c   0x0000008c   Code   RO         3419    i.MX_ADC1_Init      adc.o
    0x08004108   0x08004108   0x00000034   Code   RO         3775    i.MX_DMA_Init       dma.o
    0x0800413c   0x0800413c   0x000000d0   Code   RO         3483    i.MX_GPIO_Init      gpio.o
    0x0800420c   0x0800420c   0x0000003c   Code   RO         3512    i.MX_I2C1_Init      i2c.o
    0x08004248   0x08004248   0x00000044   Code   RO         3801    i.MX_SPI2_Init      spi.o
    0x0800428c   0x0800428c   0x00000078   Code   RO         3658    i.MX_TIM2_Init      tim.o
    0x08004304   0x08004304   0x0000007c   Code   RO         3659    i.MX_TIM3_Init      tim.o
    0x08004380   0x08004380   0x00000038   Code   RO         3711    i.MX_USART1_UART_Init  usart.o
    0x080043b8   0x080043b8   0x00000004   Code   RO         3333    i.MemManage_Handler  stm32f1xx_it.o
    0x080043bc   0x080043bc   0x00000004   Code   RO         3334    i.NMI_Handler       stm32f1xx_it.o
    0x080043c0   0x080043c0   0x00000038   Code   RO         3552    i.OLED_Clear        i2c_led.o
    0x080043f8   0x080043f8   0x000000ac   Code   RO         3554    i.OLED_Init         i2c_led.o
    0x080044a4   0x080044a4   0x00000024   Code   RO         3555    i.OLED_SetCursor    i2c_led.o
    0x080044c8   0x080044c8   0x00000044   Code   RO         3556    i.OLED_ShowChar     i2c_led.o
    0x0800450c   0x0800450c   0x00000034   Code   RO         3557    i.OLED_ShowString   i2c_led.o
    0x08004540   0x08004540   0x00000024   Code   RO         3559    i.OLED_WriteCmd     i2c_led.o
    0x08004564   0x08004564   0x00000028   Code   RO         3560    i.OLED_WriteData    i2c_led.o
    0x0800458c   0x0800458c   0x00000008   Code   RO         3335    i.PendSV_Handler    stm32f1xx_it.o
    0x08004594   0x08004594   0x00000028   Code   RO          523    i.RCC_Delay         stm32f1xx_hal_rcc.o
    0x080045bc   0x080045bc   0x00000044   Code   RO         2908    i.SPI_EndRxTxTransaction  stm32f1xx_hal_spi.o
    0x08004600   0x08004600   0x000000d8   Code   RO         2913    i.SPI_WaitFlagStateUntilTimeout  stm32f1xx_hal_spi.o
    0x080046d8   0x080046d8   0x00000008   Code   RO         3336    i.SVC_Handler       stm32f1xx_it.o
    0x080046e0   0x080046e0   0x00000008   Code   RO         4027    i.Sensor_Init       sensor.o
    0x080046e8   0x080046e8   0x000000bc   Code   RO         4028    i.Sensor_Read       sensor.o
    0x080047a4   0x080047a4   0x0000001c   Code   RO         4029    i.Sensor_Start      sensor.o
    0x080047c0   0x080047c0   0x0000000c   Code   RO         3337    i.SysTick_Handler   stm32f1xx_it.o
    0x080047cc   0x080047cc   0x00000084   Code   RO         3183    i.SystemClock_Config  main.o
    0x08004850   0x08004850   0x00000002   Code   RO           14    i.SystemInit        system_stm32f1xx.o
    0x08004852   0x08004852   0x00000002   PAD
    0x08004854   0x08004854   0x00000010   Code   RO         3338    i.TIM2_IRQHandler   stm32f1xx_it.o
    0x08004864   0x08004864   0x00000084   Code   RO         1120    i.TIM_Base_SetConfig  stm32f1xx_hal_tim.o
    0x080048e8   0x080048e8   0x00000022   Code   RO         1121    i.TIM_CCxChannelCmd  stm32f1xx_hal_tim.o
    0x0800490a   0x0800490a   0x00000002   PAD
    0x0800490c   0x0800490c   0x00000060   Code   RO         1133    i.TIM_OC1_SetConfig  stm32f1xx_hal_tim.o
    0x0800496c   0x0800496c   0x00000068   Code   RO         1134    i.TIM_OC2_SetConfig  stm32f1xx_hal_tim.o
    0x080049d4   0x080049d4   0x00000068   Code   RO         1135    i.TIM_OC3_SetConfig  stm32f1xx_hal_tim.o
    0x08004a3c   0x08004a3c   0x00000048   Code   RO         1136    i.TIM_OC4_SetConfig  stm32f1xx_hal_tim.o
    0x08004a84   0x08004a84   0x0000006c   Code   RO         2539    i.UART_EndRxTransfer  stm32f1xx_hal_uart.o
    0x08004af0   0x08004af0   0x000000fc   Code   RO         2543    i.UART_SetConfig    stm32f1xx_hal_uart.o
    0x08004bec   0x08004bec   0x0000008c   Code   RO         2547    i.UART_WaitOnFlagUntilTimeout  stm32f1xx_hal_uart.o
    0x08004c78   0x08004c78   0x00000004   Code   RO         3339    i.UsageFault_Handler  stm32f1xx_it.o
    0x08004c7c   0x08004c7c   0x00000014   Code   RO         3880    i.W25Q64_Init       spi_w25q64.o
    0x08004c90   0x08004c90   0x00000058   Code   RO         3882    i.W25Q64_Read       spi_w25q64.o
    0x08004ce8   0x08004ce8   0x00000044   Code   RO         3883    i.W25Q64_ReadID     spi_w25q64.o
    0x08004d2c   0x08004d2c   0x00000030   Code   RO         3884    i.W25Q64_ReadStatus1  spi_w25q64.o
    0x08004d5c   0x08004d5c   0x00000020   Code   RO         3885    i.W25Q64_SPI_TransmitReceive  spi_w25q64.o
    0x08004d7c   0x08004d7c   0x00000044   Code   RO         3886    i.W25Q64_SectorErase  spi_w25q64.o
    0x08004dc0   0x08004dc0   0x00000012   Code   RO         3887    i.W25Q64_WaitBusy   spi_w25q64.o
    0x08004dd2   0x08004dd2   0x00000002   PAD
    0x08004dd4   0x08004dd4   0x00000024   Code   RO         3889    i.W25Q64_WriteEnable  spi_w25q64.o
    0x08004df8   0x08004df8   0x00000020   Code   RO         5414    i.__0printf         mc_w.l(printfa.o)
    0x08004e18   0x08004e18   0x00000028   Code   RO         5416    i.__0sprintf        mc_w.l(printfa.o)
    0x08004e40   0x08004e40   0x00000010   Code   RO          336    i.__NVIC_GetPriorityGrouping  stm32f1xx_hal_cortex.o
    0x08004e50   0x08004e50   0x00000028   Code   RO          337    i.__NVIC_SetPriority  stm32f1xx_hal_cortex.o
    0x08004e78   0x08004e78   0x0000000e   Code   RO         5500    i.__scatterload_copy  mc_w.l(handlers.o)
    0x08004e86   0x08004e86   0x00000002   Code   RO         5501    i.__scatterload_null  mc_w.l(handlers.o)
    0x08004e88   0x08004e88   0x0000000e   Code   RO         5502    i.__scatterload_zeroinit  mc_w.l(handlers.o)
    0x08004e96   0x08004e96   0x00000002   PAD
    0x08004e98   0x08004e98   0x00000184   Code   RO         5421    i._fp_digits        mc_w.l(printfa.o)
    0x0800501c   0x0800501c   0x000006b4   Code   RO         5422    i._printf_core      mc_w.l(printfa.o)
    0x080056d0   0x080056d0   0x00000024   Code   RO         5423    i._printf_post_padding  mc_w.l(printfa.o)
    0x080056f4   0x080056f4   0x0000002e   Code   RO         5424    i._printf_pre_padding  mc_w.l(printfa.o)
    0x08005722   0x08005722   0x0000000a   Code   RO         5426    i._sputc            mc_w.l(printfa.o)
    0x0800572c   0x0800572c   0x0000001c   Code   RO         3184    i.fputc             main.o
    0x08005748   0x08005748   0x0000023c   Code   RO         3185    i.main              main.o
    0x08005984   0x08005984   0x00000080   Code   RO         4700    i.prvAddCurrentTaskToDelayedList  tasks.o
    0x08005a04   0x08005a04   0x000000b8   Code   RO         4701    i.prvAddNewTaskToReadyList  tasks.o
    0x08005abc   0x08005abc   0x00000002   Code   RO         4702    i.prvCheckTasksWaitingTermination  tasks.o
    0x08005abe   0x08005abe   0x00000002   PAD
    0x08005ac0   0x08005ac0   0x0000007c   Code   RO         5094    i.prvHeapInit       heap_4.o
    0x08005b3c   0x08005b3c   0x00000028   Code   RO         4703    i.prvIdleTask       tasks.o
    0x08005b64   0x08005b64   0x000000be   Code   RO         4704    i.prvInitialiseNewTask  tasks.o
    0x08005c22   0x08005c22   0x00000002   PAD
    0x08005c24   0x08005c24   0x00000054   Code   RO         4705    i.prvInitialiseTaskLists  tasks.o
    0x08005c78   0x08005c78   0x00000068   Code   RO         5095    i.prvInsertBlockIntoFreeList  heap_4.o
    0x08005ce0   0x08005ce0   0x00000034   Code   RO         4707    i.prvResetNextTaskUnblockTime  tasks.o
    0x08005d14   0x08005d14   0x00000040   Code   RO         5006    i.prvTaskExitError  port.o
    0x08005d54   0x08005d54   0x0000014c   Code   RO         5096    i.pvPortMalloc      heap_4.o
    0x08005ea0   0x08005ea0   0x00000024   Code   RO         5007    i.pxPortInitialiseStack  port.o
    0x08005ec4   0x08005ec4   0x00000028   Code   RO         4286    i.uxListRemove      list.o
    0x08005eec   0x08005eec   0x00000006   Code   RO         3187    i.vApplicationStackOverflowHook  main.o
    0x08005ef2   0x08005ef2   0x0000001a   Code   RO         4287    i.vListInitialise   list.o
    0x08005f0c   0x08005f0c   0x00000006   Code   RO         4288    i.vListInitialiseItem  list.o
    0x08005f12   0x08005f12   0x00000034   Code   RO         4289    i.vListInsert       list.o
    0x08005f46   0x08005f46   0x00000018   Code   RO         4290    i.vListInsertEnd    list.o
    0x08005f5e   0x08005f5e   0x00000002   PAD
    0x08005f60   0x08005f60   0x00000054   Code   RO         5009    i.vPortEnterCritical  port.o
    0x08005fb4   0x08005fb4   0x0000003c   Code   RO         5010    i.vPortExitCritical  port.o
    0x08005ff0   0x08005ff0   0x000000a4   Code   RO         5097    i.vPortFree         heap_4.o
    0x08006094   0x08006094   0x00000028   Code   RO         5011    i.vPortSetupTimerInterrupt  port.o
    0x080060bc   0x080060bc   0x0000005c   Code   RO         4716    i.vTaskDelay        tasks.o
    0x08006118   0x08006118   0x00000088   Code   RO         4728    i.vTaskStartScheduler  tasks.o
    0x080061a0   0x080061a0   0x00000010   Code   RO         4729    i.vTaskSuspendAll   tasks.o
    0x080061b0   0x080061b0   0x000000c4   Code   RO         4730    i.vTaskSwitchContext  tasks.o
    0x08006274   0x08006274   0x00000124   Code   RO         5013    i.xPortStartScheduler  port.o
    0x08006398   0x08006398   0x00000034   Code   RO         5014    i.xPortSysTickHandler  port.o
    0x080063cc   0x080063cc   0x00000060   Code   RO         4733    i.xTaskCreate       tasks.o
    0x0800642c   0x0800642c   0x00000148   Code   RO         4739    i.xTaskIncrementTick  tasks.o
    0x08006574   0x08006574   0x00000104   Code   RO         4745    i.xTaskResumeAll    tasks.o
    0x08006678   0x08006678   0x00000018   Data   RO           15    .constdata          system_stm32f1xx.o
    0x08006690   0x08006690   0x00000012   Data   RO          524    .constdata          stm32f1xx_hal_rcc.o
    0x080066a2   0x080066a2   0x00000012   Data   RO          991    .constdata          stm32f1xx_hal_rcc_ex.o
    0x080066b4   0x080066b4   0x0000023a   Data   RO         3459    .constdata          fonts.o
    0x080068ee   0x080068ee   0x00000002   PAD
    0x080068f0   0x080068f0   0x00000020   Data   RO         5498    Region$$Table       anon$$obj.o


    Execution Region ER_RW (Exec base: 0x20000000, Load base: 0x08006910, Size: 0x00000098, Max: 0xffffffff, ABSOLUTE)

    Exec Addr    Load Addr    Size         Type   Attr      Idx    E Section Name        Object

    0x20000000   0x08006910   0x00000004   Data   RW           16    .data               system_stm32f1xx.o
    0x20000004   0x08006914   0x00000009   Data   RW          168    .data               stm32f1xx_hal.o
    0x2000000d   0x0800691d   0x00000003   PAD
    0x20000010   0x08006920   0x00000004   Data   RW         3189    .data               main.o
    0x20000014   0x08006924   0x0000000c   Data   RW         3965    .data               adc_storage.o
    0x20000020   0x08006930   0x00000007   Data   RW         4031    .data               sensor.o
    0x20000027   0x08006937   0x00000001   PAD
    0x20000028   0x08006938   0x00000005   Data   RW         4106    .data               alarm.o
    0x2000002d   0x0800693d   0x00000003   PAD
    0x20000030   0x08006940   0x00000038   Data   RW         4747    .data               tasks.o
    0x20000068   0x08006978   0x0000000c   Data   RW         5015    .data               port.o
    0x20000074   0x08006984   0x00000020   Data   RW         5103    .data               heap_4.o
    0x20000094   0x080069a4   0x00000004   Data   RW         5470    .data               mc_w.l(stdout.o)


    Execution Region ER_ZI (Exec base: 0x20000098, Load base: 0x080069a8, Size: 0x00001ef0, Max: 0xffffffff, ABSOLUTE)

    Exec Addr    Load Addr    Size         Type   Attr      Idx    E Section Name        Object

    0x20000098        -       0x00000028   Zero   RW         3188    .bss                main.o
    0x200000c0        -       0x00000074   Zero   RW         3420    .bss                adc.o
    0x20000134        -       0x00000054   Zero   RW         3513    .bss                i2c.o
    0x20000188        -       0x00000090   Zero   RW         3660    .bss                tim.o
    0x20000218        -       0x00000048   Zero   RW         3712    .bss                usart.o
    0x20000260        -       0x00000058   Zero   RW         3802    .bss                spi.o
    0x200002b8        -       0x00000020   Zero   RW         4030    .bss                sensor.o
    0x200002d8        -       0x0000000a   Zero   RW         4105    .bss                alarm.o
    0x200002e2   0x080069a8   0x00000002   PAD
    0x200002e4        -       0x000000a0   Zero   RW         4746    .bss                tasks.o
    0x20000384        -       0x00001800   Zero   RW         5102    .bss                heap_4.o
    0x20001b84   0x080069a8   0x00000004   PAD
    0x20001b88        -       0x00000400   Zero   RW            1    STACK               startup_stm32f103xb.o


==============================================================================

Image component sizes


      Code (inc. data)   RO Data    RW Data    ZI Data      Debug   Object Name

       316         32          0          0        116       1679   adc.o
       242         40          0         12          0       3559   adc_storage.o
       472         64          0          5         10       3180   alarm.o
        52          4          0          0          0        690   dma.o
         0          0          0          0          0       7480   event_groups.o
         0          0        570          0          0        470   fonts.o
       208         14          0          0          0        915   gpio.o
       724         74          0         32       6144       6811   heap_4.o
       176         24          0          0         84       1501   i2c.o
       312         34          0          0          0       2502   i2c_dht20.o
       460         14          0          0          0       3949   i2c_led.o
        72         34          0          0          0        495   i2c_scan.o
       148          0          0          0          0       2954   list.o
      1048        300          0          4         40      17315   main.o
       134          0          0          0          0       1358   mq.o
       778         66          0         12          0       9716   port.o
       248         38          0          7         32       2402   sensor.o
       204         22          0          0         88       1533   spi.o
       378         34          0          0          0       4653   spi_w25q64.o
        36          8        236          0       1024        900   startup_stm32f103xb.o
       192         36          0          9          0       5713   stm32f1xx_hal.o
      1426         56          0          0          0       7571   stm32f1xx_hal_adc.o
       284          6          0          0          0       1422   stm32f1xx_hal_adc_ex.o
       304         22          0          0          0      29271   stm32f1xx_hal_cortex.o
       716          8          0          0          0       3387   stm32f1xx_hal_dma.o
       812         34          0          0          0       2612   stm32f1xx_hal_gpio.o
      3496         64          0          0          0      12314   stm32f1xx_hal_i2c.o
        84          8          0          0          0        822   stm32f1xx_hal_msp.o
      1748         98         18          0          0       5808   stm32f1xx_hal_rcc.o
       556         34         18          0          0       2313   stm32f1xx_hal_rcc_ex.o
      1058          6          0          0          0       4333   stm32f1xx_hal_spi.o
      1490         46          0          0          0      10418   stm32f1xx_hal_tim.o
       136         14          0          0          0       2337   stm32f1xx_hal_tim_ex.o
       808          4          0          0          0       4256   stm32f1xx_hal_uart.o
        82         12          0          0          0       4551   stm32f1xx_it.o
         2          0         24          4          0     462327   system_stm32f1xx.o
      1804        242          0         56        160      16225   tasks.o
       492         36          0          0        144       2844   tim.o
       192         24          0          0         72       1566   usart.o

    ----------------------------------------------------------------------
     21716       1552        900        148       7920     654152   Object Totals
         0          0         32          0          0          0   (incl. Generated)
        26          0          2          7          6          0   (incl. Padding)

    ----------------------------------------------------------------------

      Code (inc. data)   RO Data    RW Data    ZI Data      Debug   Library Member Name

         0          0          0          0          0          0   entry.o
         0          0          0          0          0          0   entry10a.o
         0          0          0          0          0          0   entry11a.o
         4          0          0          0          0          0   entry12b.o
         8          4          0          0          0          0   entry2.o
         4          0          0          0          0          0   entry5.o
         0          0          0          0          0          0   entry7b.o
         0          0          0          0          0          0   entry8b.o
         8          4          0          0          0          0   entry9a.o
        30          0          0          0          0          0   handlers.o
        36          8          0          0          0         68   init.o
         0          0          0          0          0          0   iusefp.o
        30          0          0          0          0         68   llshl.o
        36          0          0          0          0         68   llsshr.o
        32          0          0          0          0         68   llushr.o
        36          0          0          0          0        108   memseta.o
      2268         96          0          0          0        616   printfa.o
         0          0          0          4          0          0   stdout.o
        44          0          0          0          0         80   uidiv.o
        98          0          0          0          0         92   uldiv.o
        48          0          0          0          0         68   cdrcmple.o
        20          0          0          0          0         68   cfrcmple.o
       334          0          0          0          0        148   dadd.o
       222          0          0          0          0        100   ddiv.o
       186          0          0          0          0        176   depilogue.o
        48          0          0          0          0         68   dfixul.o
       228          0          0          0          0         96   dmul.o
        38          0          0          0          0         68   f2d.o
       176          0          0          0          0        140   fadd.o
       124          0          0          0          0         88   fdiv.o
       110          0          0          0          0        168   fepilogue.o
        10          0          0          0          0         68   ffltui.o
       100          0          0          0          0         76   fmul.o

    ----------------------------------------------------------------------
      4280        112          0          4          0       2500   Library Totals
         2          0          0          0          0          0   (incl. Padding)

    ----------------------------------------------------------------------

      Code (inc. data)   RO Data    RW Data    ZI Data      Debug   Library Name

      2634        112          0          4          0       1168   mc_w.l
      1644          0          0          0          0       1332   mf_w.l

    ----------------------------------------------------------------------
      4280        112          0          4          0       2500   Library Totals

    ----------------------------------------------------------------------

==============================================================================


      Code (inc. data)   RO Data    RW Data    ZI Data      Debug   

     25996       1664        900        152       7920     646716   Grand Totals
     25996       1664        900        152       7920     646716   ELF Image Totals
     25996       1664        900        152          0          0   ROM Totals

==============================================================================

    Total RO  Size (Code + RO Data)                26896 (  26.27kB)
    Total RW  Size (RW Data + ZI Data)              8072 (   7.88kB)
    Total ROM Size (Code + RO Data + RW Data)      27048 (  26.41kB)

==============================================================================

